 ray

 Timestamp is 58ef94ad (Thu Apr 13 23:09:33 2017)

 Preferred load address is 00400000

 Start         Length     Name                   Class
 0001:00000000 000001e0H .text$di                CODE
 0001:000001e0 00075840H .text$mn                CODE
 0001:00075a20 000027f0H .text$x                 CODE
 0001:00078210 000000d9H .text$yd                CODE
 0002:00000000 000006bcH .idata$5                DATA
 0002:000006bc 00000004H .00cfg                  DATA
 0002:000006c0 00000004H .CRT$XCA                DATA
 0002:000006c4 00000004H .CRT$XCAA               DATA
 0002:000006c8 00000004H .CRT$XCL                DATA
 0002:000006cc 0000002cH .CRT$XCU                DATA
 0002:000006f8 00000004H .CRT$XCZ                DATA
 0002:000006fc 00000004H .CRT$XIA                DATA
 0002:00000700 00000004H .CRT$XIAA               DATA
 0002:00000704 00000004H .CRT$XIAC               DATA
 0002:00000708 00000004H .CRT$XIC                DATA
 0002:0000070c 00000004H .CRT$XIZ                DATA
 0002:00000710 00000004H .CRT$XLA                DATA
 0002:00000714 00000004H .CRT$XLZ                DATA
 0002:00000718 00000004H .CRT$XPA                DATA
 0002:0000071c 00000004H .CRT$XPZ                DATA
 0002:00000720 00000004H .CRT$XTA                DATA
 0002:00000724 0000000cH .CRT$XTZ                DATA
 0002:00000730 00007da4H .rdata                  DATA
 0002:000084d4 00000018H .rdata$T                DATA
 0002:000084ec 0000259cH .rdata$r                DATA
 0002:0000aa88 000003c8H .rdata$zzzdbg           DATA
 0002:0000ae50 00000004H .rtc$IAA                DATA
 0002:0000ae54 00000004H .rtc$IZZ                DATA
 0002:0000ae58 00000004H .rtc$TAA                DATA
 0002:0000ae5c 00000004H .rtc$TZZ                DATA
 0002:0000ae60 00002744H .xdata$x                DATA
 0002:0000d5a4 00000000H .edata                  DATA
 0002:0000d5a4 000001b8H .idata$2                DATA
 0002:0000d75c 00000014H .idata$3                DATA
 0002:0000d770 000006bcH .idata$4                DATA
 0002:0000de2c 0000248cH .idata$6                DATA
 0003:00000000 00001e88H .data                   DATA
 0003:00001e88 00000f28H .data$r                 DATA
 0003:00002db0 000055d8H .bss                    DATA
 0004:00000000 00000058H .gfids$y                DATA
 0005:00000000 00000004H .tls                    DATA
 0005:00000004 00000004H .tls$                   DATA
 0005:00000008 00000001H .tls$ZZZ                DATA
 0006:00000000 00000060H .rsrc$01                DATA
 0006:00000060 00000180H .rsrc$02                DATA

  Address         Publics by Value              Rva+Base       Lib:Object

 0000:00000000       ___guard_fids_count        00000000     <absolute>
 0000:00000000       ___guard_fids_table        00000000     <absolute>
 0000:00000000       ___safe_se_handler_table   00000000     <absolute>
 0000:00000000       ___guard_iat_count         00000000     <absolute>
 0000:00000000       ___guard_iat_table         00000000     <absolute>
 0000:00000000       ___guard_longjmp_count     00000000     <absolute>
 0000:00000000       ___guard_longjmp_table     00000000     <absolute>
 0000:00000000       ___dynamic_value_reloc_table 00000000     <absolute>
 0000:00000000       ___safe_se_handler_count   00000000     <absolute>
 0000:0000002c       __tls_array                0000002c     <absolute>
 0000:00000100       ___guard_flags             00000100     <absolute>
 0000:00000000       ___ImageBase               00400000     <linker-defined>
 0001:000001e0       ?GetOption@@YAHHPAPADPAD0@Z 004011e0 f   getopt.obj
 0001:000002c0       ?getopt@@YAHHPAPADPAD@Z    004012c0 f   getopt.obj
 0001:00000300       ??$__vcrt_va_start_verify_argument_type@QBD@@YAXXZ 00401300 f i main.obj
 0001:00000310       ??_H@YGXPAXIIP6EPAX0@Z@Z   00401310 f i main.obj
 0001:00000340       ?processArgs@@YA_NHPAPAD@Z 00401340 f   main.obj
 0001:00000430       ?usage@@YAXXZ              00401430 f   main.obj
 0001:00000450       ___local_stdio_printf_options 00401450 f i main.obj
 0001:00000460       _fprintf                   00401460 f i main.obj
 0001:00000490       _main                      00401490 f   main.obj
 0001:000006c0       ??0RayTracer@@QAE@XZ       004016c0 f   RayTracer.obj
 0001:000006f0       ??0vec3f@@QAE@XZ           004016f0 f i RayTracer.obj
 0001:00000700       ??1?$basic_ostringstream@DU?$char_traits@D@std@@V?$allocator@D@2@@std@@UAE@XZ 00401700 f i RayTracer.obj
 0001:00000750       ??1?$basic_string@DU?$char_traits@D@std@@V?$allocator@D@2@@std@@QAE@XZ 00401750 f i RayTracer.obj
 0001:00000790       ??1?$basic_stringbuf@DU?$char_traits@D@std@@V?$allocator@D@2@@std@@UAE@XZ 00401790 f i RayTracer.obj
 0001:000007b0       ??1ParseError@@QAE@XZ      004017b0 f i RayTracer.obj
 0001:000007f0       ??1RayTracer@@QAE@XZ       004017f0 f   RayTracer.obj
 0001:00000820       ??1isect@@QAE@XZ           00401820 f i RayTracer.obj
 0001:00000840       ??_D?$basic_ostringstream@DU?$char_traits@D@std@@V?$allocator@D@2@@std@@QAEXXZ 00401840 f i RayTracer.obj
 0001:0000088a       ??_E?$basic_ostringstream@DU?$char_traits@D@std@@V?$allocator@D@2@@std@@$4PPPPPPPM@A@AEPAXI@Z 0040188a f i RayTracer.obj
 0001:000008a0       ??_E?$basic_ostringstream@DU?$char_traits@D@std@@V?$allocator@D@2@@std@@UAEPAXI@Z 004018a0 f i RayTracer.obj
 0001:000008a0       ??_G?$basic_ostringstream@DU?$char_traits@D@std@@V?$allocator@D@2@@std@@UAEPAXI@Z 004018a0 f i RayTracer.obj
 0001:00000910       ??_G?$basic_stringbuf@DU?$char_traits@D@std@@V?$allocator@D@2@@std@@UAEPAXI@Z 00401910 f i RayTracer.obj
 0001:00000910       ??_E?$basic_stringbuf@DU?$char_traits@D@std@@V?$allocator@D@2@@std@@UAEPAXI@Z 00401910 f i RayTracer.obj
 0001:00000950       ?_Copy@?$basic_string@DU?$char_traits@D@std@@V?$allocator@D@2@@std@@QAEXII@Z 00401950 f i RayTracer.obj
 0001:00000b00       ?_Deallocate@std@@YAXPAXII@Z 00401b00 f i RayTracer.obj
 0001:00000b70       ?_Tidy@?$basic_stringbuf@DU?$char_traits@D@std@@V?$allocator@D@2@@std@@IAEXXZ 00401b70 f i RayTracer.obj
 0001:00000bf0       ?allocate@?$_Wrap_alloc@V?$allocator@D@std@@@std@@QAEPADI@Z 00401bf0 f i RayTracer.obj
 0001:00000c50       ?allocate@?$allocator@D@std@@QAEPADI@Z 00401c50 f i RayTracer.obj
 0001:00000cb0       ?aspectRatio@RayTracer@@QAENXZ 00401cb0 f   RayTracer.obj
 0001:00000cf0       ?assign@?$basic_string@DU?$char_traits@D@std@@V?$allocator@D@2@@std@@QAEAAV12@ABV12@II@Z 00401cf0 f i RayTracer.obj
 0001:00000e10       ?assign@?$basic_string@DU?$char_traits@D@std@@V?$allocator@D@2@@std@@QAEAAV12@PBDI@Z 00401e10 f i RayTracer.obj
 0001:00000f10       ?erase@?$basic_string@DU?$char_traits@D@std@@V?$allocator@D@2@@std@@QAEAAV12@II@Z 00401f10 f i RayTracer.obj
 0001:00000fb0       ?getBuffer@RayTracer@@QAEXAAPAEAAH1@Z 00401fb0 f   RayTracer.obj
 0001:00000fd0       ?loadBG@RayTracer@@QAE_NPAD@Z 00401fd0 f   RayTracer.obj
 0001:00000fe0       ?loadScene@RayTracer@@QAE_NPAD@Z 00401fe0 f   RayTracer.obj
 0001:00001130       ?overflow@?$basic_stringbuf@DU?$char_traits@D@std@@V?$allocator@D@2@@std@@MAEHH@Z 00402130 f i RayTracer.obj
 0001:00001310       ?pbackfail@?$basic_stringbuf@DU?$char_traits@D@std@@V?$allocator@D@2@@std@@MAEHH@Z 00402310 f i RayTracer.obj
 0001:00001370       ?sceneLoaded@RayTracer@@QAE_NXZ 00402370 f   RayTracer.obj
 0001:00001380       ?seekoff@?$basic_stringbuf@DU?$char_traits@D@std@@V?$allocator@D@2@@std@@MAE?AV?$fpos@U_Mbstatet@@@2@_JHH@Z 00402380 f i RayTracer.obj
 0001:00001550       ?seekpos@?$basic_stringbuf@DU?$char_traits@D@std@@V?$allocator@D@2@@std@@MAE?AV?$fpos@U_Mbstatet@@@2@V32@H@Z 00402550 f i RayTracer.obj
 0001:00001670       ?trace@RayTracer@@QAE?AVvec3f@@PAVScene@@NN@Z 00402670 f   RayTracer.obj
 0001:00001a50       ?traceLines@RayTracer@@QAEXHH@Z 00402a50 f   RayTracer.obj
 0001:00001b50       ?tracePixel@RayTracer@@QAEXHH@Z 00402b50 f   RayTracer.obj
 0001:00001c00       ?traceRay@RayTracer@@QAE?AVvec3f@@PAVScene@@ABVray@@ABV2@HNN@Z 00402c00 f   RayTracer.obj
 0001:000026a0       ?traceSetup@RayTracer@@QAEXHH@Z 004036a0 f   RayTracer.obj
 0001:00002700       ?underflow@?$basic_stringbuf@DU?$char_traits@D@std@@V?$allocator@D@2@@std@@MAEHXZ 00403700 f i RayTracer.obj
 0001:00002760       ??0TraceGLWindow@@QAE@HHHHPBD@Z 00403760 f   TraceGLWindow.obj
 0001:000027e0       ??_GFl_Gl_Window@@UAEPAXI@Z 004037e0 f i TraceGLWindow.obj
 0001:000027e0       ??_EFl_Gl_Window@@UAEPAXI@Z 004037e0 f i TraceGLWindow.obj
 0001:00002810       ??_GTraceGLWindow@@UAEPAXI@Z 00403810 f i TraceGLWindow.obj
 0001:00002810       ??_ETraceGLWindow@@UAEPAXI@Z 00403810 f i TraceGLWindow.obj
 0001:00002840       ?as_gl_window@Fl_Gl_Window@@UAEPAV1@XZ 00403840 f i TraceGLWindow.obj
 0001:00002850       ?as_group@Fl_Group@@UAEPAV1@XZ 00403850 f i TraceGLWindow.obj
 0001:00002860       ?as_window@Fl_Window@@UAEPAV1@XZ 00403860 f i TraceGLWindow.obj
 0001:00002870       ?draw@TraceGLWindow@@UAEXXZ 00403870 f   TraceGLWindow.obj
 0001:00002950       ?handle@TraceGLWindow@@UAEHH@Z 00403950 f   TraceGLWindow.obj
 0001:00002960       ?refresh@TraceGLWindow@@QAEXXZ 00403960 f   TraceGLWindow.obj
 0001:00002970       ?resizeWindow@TraceGLWindow@@QAEXHH@Z 00403970 f   TraceGLWindow.obj
 0001:000029a0       ?saveImage@TraceGLWindow@@QAEXPAD@Z 004039a0 f   TraceGLWindow.obj
 0001:000029f0       ?setRayTracer@TraceGLWindow@@QAEXPAVRayTracer@@@Z 004039f0 f   TraceGLWindow.obj
 0001:00002a00       ?cb_load_scene@TraceUI@@CAXPAVFl_Menu_@@PAX@Z 00403a00 f   TraceUI.obj
 0001:00002aa0       ?cb_save_image@TraceUI@@CAXPAVFl_Menu_@@PAX@Z 00403aa0 f   TraceUI.obj
 0001:00002ae0       ?cb_exit@TraceUI@@CAXPAVFl_Menu_@@PAX@Z 00403ae0 f   TraceUI.obj
 0001:00002b10       ?cb_about@TraceUI@@CAXPAVFl_Menu_@@PAX@Z 00403b10 f   TraceUI.obj
 0001:00002b20       ??0TraceUI@@QAE@XZ         00403b20 f   TraceUI.obj
 0001:00003000       ?cb_adativeSlides@TraceUI@@CAXPAVFl_Widget@@PAX@Z 00404000 f   TraceUI.obj
 0001:00003020       ?cb_depthSlides@TraceUI@@CAXPAVFl_Widget@@PAX@Z 00404020 f   TraceUI.obj
 0001:00003040       ?cb_exit2@TraceUI@@CAXPAVFl_Widget@@PAX@Z 00404040 f   TraceUI.obj
 0001:00003070       ?cb_load_BG@TraceUI@@CAXPAVFl_Menu_@@PAX@Z 00404070 f   TraceUI.obj
 0001:000030d0       ?cb_render@TraceUI@@CAXPAVFl_Widget@@PAX@Z 004040d0 f   TraceUI.obj
 0001:000032e0       ?cb_sizeSlides@TraceUI@@CAXPAVFl_Widget@@PAX@Z 004042e0 f   TraceUI.obj
 0001:00003330       ?cb_stop@TraceUI@@CAXPAVFl_Widget@@PAX@Z 00404330 f   TraceUI.obj
 0001:00003340       ?cb_superSampleSlides@TraceUI@@CAXPAVFl_Widget@@PAX@Z 00404340 f   TraceUI.obj
 0001:00003360       ?getAdaptive@TraceUI@@QAEMXZ 00404360 f   TraceUI.obj
 0001:00003370       ?getDepth@TraceUI@@QAEHXZ  00404370 f   TraceUI.obj
 0001:00003380       ?getSize@TraceUI@@QAEHXZ   00404380 f   TraceUI.obj
 0001:00003390       ?getSuperSampleLevel@TraceUI@@QAEHXZ 00404390 f   TraceUI.obj
 0001:000033a0       ?setRayTracer@TraceUI@@QAEXPAVRayTracer@@@Z 004043a0 f   TraceUI.obj
 0001:000033c0       ?show@TraceUI@@QAEXXZ      004043c0 f   TraceUI.obj
 0001:000033d0       ?whoami@TraceUI@@CAPAV1@PAVFl_Menu_@@@Z 004043d0 f   TraceUI.obj
 0001:000033e0       _sprintf                   004043e0 f i TraceUI.obj
 0001:00003420       ?readBMP@@YAPAEPADAAH1@Z   00404420 f   bitmap.obj
 0001:00003590       ?writeBMP@@YAXPADHHPAE@Z   00404590 f   bitmap.obj
 0001:00003720       ??$?0U?$_Wrap_alloc@V?$allocator@U?$_Tree_node@U?$pair@$$CBV?$basic_string@DU?$char_traits@D@std@@V?$allocator@D@2@@std@@PAVObj@@@std@@PAX@std@@@std@@@std@@@?$_Tree@V?$_Tmap_traits@V?$basic_string@DU?$char_traits@D@std@@V?$allocator@D@2@@std@@PAVObj@@U?$less@V?$basic_string@DU?$char_traits@D@std@@V?$allocator@D@2@@std@@@2@V?$allocator@U?$pair@$$CBV?$basic_string@DU?$char_traits@D@std@@V?$allocator@D@2@@std@@PAVObj@@@std@@@2@$0A@@std@@@std@@QAE@ABV01@$$QAU?$_Wrap_alloc@V?$allocator@U?$_Tree_node@U?$pair@$$CBV?$basic_string@DU?$char_traits@D@std@@V?$allocator@D@2@@std@@PAVObj@@@std@@PAX@std@@@std@@@1@@Z 00404720 f i parse.obj
 0001:000037b0       ??$?6DU?$char_traits@D@std@@V?$allocator@D@1@@std@@YAAAV?$basic_ostream@DU?$char_traits@D@std@@@0@AAV10@ABV?$basic_string@DU?$char_traits@D@std@@V?$allocator@D@2@@0@@Z 004047b0 f i parse.obj
 0001:000039b0       ??$?6U?$char_traits@D@std@@@std@@YAAAV?$basic_ostream@DU?$char_traits@D@std@@@0@AAV10@D@Z 004049b0 f i parse.obj
 0001:00003bc0       ??$?6U?$char_traits@D@std@@@std@@YAAAV?$basic_ostream@DU?$char_traits@D@std@@@0@AAV10@PBD@Z 00404bc0 f i parse.obj
 0001:00003e00       ??$?8DU?$char_traits@D@std@@V?$allocator@D@1@@std@@YA_NABV?$basic_string@DU?$char_traits@D@std@@V?$allocator@D@2@@0@PBD@Z 00404e00 f i parse.obj
 0001:00003e70       ??$?HDU?$char_traits@D@std@@V?$allocator@D@1@@std@@YA?AV?$basic_string@DU?$char_traits@D@std@@V?$allocator@D@2@@0@$$QAV10@0@Z 00404e70 f i parse.obj
 0001:00003ee0       ??$?HDU?$char_traits@D@std@@V?$allocator@D@1@@std@@YA?AV?$basic_string@DU?$char_traits@D@std@@V?$allocator@D@2@@0@$$QAV10@ABV10@@Z 00404ee0 f i parse.obj
 0001:00003f20       ??$_Buynode@AAU?$pair@$$CBV?$basic_string@DU?$char_traits@D@std@@V?$allocator@D@2@@std@@PAVObj@@@std@@@?$_Tree_comp_alloc@V?$_Tmap_traits@V?$basic_string@DU?$char_traits@D@std@@V?$allocator@D@2@@std@@PAVObj@@U?$less@V?$basic_string@DU?$char_traits@D@std@@V?$allocator@D@2@@std@@@2@V?$allocator@U?$pair@$$CBV?$basic_string@DU?$char_traits@D@std@@V?$allocator@D@2@@std@@PAVObj@@@std@@@2@$0A@@std@@@std@@QAEPAU?$_Tree_node@U?$pair@$$CBV?$basic_string@DU?$char_traits@D@std@@V?$allocator@D@2@@std@@PAVObj@@@std@@PAX@1@AAU?$pair@$$CBV?$basic_string@DU?$char_traits@D@std@@V?$allocator@D@2@@std@@PAVObj@@@1@@Z 00404f20 f i parse.obj
 0001:00003fe0       ??$_Buynode@ABUpiecewise_construct_t@std@@V?$tuple@ABV?$basic_string@DU?$char_traits@D@std@@V?$allocator@D@2@@std@@@2@V?$tuple@$$V@2@@?$_Tree_comp_alloc@V?$_Tmap_traits@V?$basic_string@DU?$char_traits@D@std@@V?$allocator@D@2@@std@@PAVObj@@U?$less@V?$basic_string@DU?$char_traits@D@std@@V?$allocator@D@2@@std@@@2@V?$allocator@U?$pair@$$CBV?$basic_string@DU?$char_traits@D@std@@V?$allocator@D@2@@std@@PAVObj@@@std@@@2@$0A@@std@@@std@@QAEPAU?$_Tree_node@U?$pair@$$CBV?$basic_string@DU?$char_traits@D@std@@V?$allocator@D@2@@std@@PAVObj@@@std@@PAX@1@ABUpiecewise_construct_t@1@$$QAV?$tuple@ABV?$basic_string@DU?$char_traits@D@std@@V?$allocator@D@2@@std@@@1@$$QAV?$tuple@$$V@1@@Z 00404fe0 f i parse.obj
 0001:000040a0       ??$_Copy@U_Copy_tag@?$_Tree@V?$_Tmap_traits@V?$basic_string@DU?$char_traits@D@std@@V?$allocator@D@2@@std@@PAVObj@@U?$less@V?$basic_string@DU?$char_traits@D@std@@V?$allocator@D@2@@std@@@2@V?$allocator@U?$pair@$$CBV?$basic_string@DU?$char_traits@D@std@@V?$allocator@D@2@@std@@PAVObj@@@std@@@2@$0A@@std@@@std@@@?$_Tree@V?$_Tmap_traits@V?$basic_string@DU?$char_traits@D@std@@V?$allocator@D@2@@std@@PAVObj@@U?$less@V?$basic_string@DU?$char_traits@D@std@@V?$allocator@D@2@@std@@@2@V?$allocator@U?$pair@$$CBV?$basic_string@DU?$char_traits@D@std@@V?$allocator@D@2@@std@@PAVObj@@@std@@@2@$0A@@std@@@std@@IAEXABV01@U_Copy_tag@01@@Z 004050a0 f i parse.obj
 0001:00004120       ??$_Copy_nodes@U_Copy_tag@?$_Tree@V?$_Tmap_traits@V?$basic_string@DU?$char_traits@D@std@@V?$allocator@D@2@@std@@PAVObj@@U?$less@V?$basic_string@DU?$char_traits@D@std@@V?$allocator@D@2@@std@@@2@V?$allocator@U?$pair@$$CBV?$basic_string@DU?$char_traits@D@std@@V?$allocator@D@2@@std@@PAVObj@@@std@@@2@$0A@@std@@@std@@@?$_Tree@V?$_Tmap_traits@V?$basic_string@DU?$char_traits@D@std@@V?$allocator@D@2@@std@@PAVObj@@U?$less@V?$basic_string@DU?$char_traits@D@std@@V?$allocator@D@2@@std@@@2@V?$allocator@U?$pair@$$CBV?$basic_string@DU?$char_traits@D@std@@V?$allocator@D@2@@std@@PAVObj@@@std@@@2@$0A@@std@@@std@@IAEPAU?$_Tree_node@U?$pair@$$CBV?$basic_string@DU?$char_traits@D@std@@V?$allocator@D@2@@std@@PAVObj@@@std@@PAX@1@PAU21@0U_Copy_tag@01@@Z 00405120 f i parse.obj
 0001:000041e0       ??$_Insert_at@AAU?$pair@$$CBV?$basic_string@DU?$char_traits@D@std@@V?$allocator@D@2@@std@@PAVObj@@@std@@PAU?$_Tree_node@U?$pair@$$CBV?$basic_string@DU?$char_traits@D@std@@V?$allocator@D@2@@std@@PAVObj@@@std@@PAX@2@@?$_Tree@V?$_Tmap_traits@V?$basic_string@DU?$char_traits@D@std@@V?$allocator@D@2@@std@@PAVObj@@U?$less@V?$basic_string@DU?$char_traits@D@std@@V?$allocator@D@2@@std@@@2@V?$allocator@U?$pair@$$CBV?$basic_string@DU?$char_traits@D@std@@V?$allocator@D@2@@std@@PAVObj@@@std@@@2@$0A@@std@@@std@@IAE?AV?$_Tree_iterator@V?$_Tree_val@U?$_Tree_simple_types@U?$pair@$$CBV?$basic_string@DU?$char_traits@D@std@@V?$allocator@D@2@@std@@PAVObj@@@std@@@std@@@std@@@1@_NPAU?$_Tree_node@U?$pair@$$CBV?$basic_string@DU?$char_traits@D@std@@V?$allocator@D@2@@std@@PAVObj@@@std@@PAX@1@AAU?$pair@$$CBV?$basic_string@DU?$char_traits@D@std@@V?$allocator@D@2@@std@@PAVObj@@@1@1@Z 004051e0 f i parse.obj
 0001:000043b0       ??$_Insert_hint@AAU?$pair@$$CBV?$basic_string@DU?$char_traits@D@std@@V?$allocator@D@2@@std@@PAVObj@@@std@@PAU?$_Tree_node@U?$pair@$$CBV?$basic_string@DU?$char_traits@D@std@@V?$allocator@D@2@@std@@PAVObj@@@std@@PAX@2@@?$_Tree@V?$_Tmap_traits@V?$basic_string@DU?$char_traits@D@std@@V?$allocator@D@2@@std@@PAVObj@@U?$less@V?$basic_string@DU?$char_traits@D@std@@V?$allocator@D@2@@std@@@2@V?$allocator@U?$pair@$$CBV?$basic_string@DU?$char_traits@D@std@@V?$allocator@D@2@@std@@PAVObj@@@std@@@2@$0A@@std@@@std@@IAE?AV?$_Tree_iterator@V?$_Tree_val@U?$_Tree_simple_types@U?$pair@$$CBV?$basic_string@DU?$char_traits@D@std@@V?$allocator@D@2@@std@@PAVObj@@@std@@@std@@@std@@@1@V?$_Tree_const_iterator@V?$_Tree_val@U?$_Tree_simple_types@U?$pair@$$CBV?$basic_string@DU?$char_traits@D@std@@V?$allocator@D@2@@std@@PAVObj@@@std@@@std@@@std@@@1@AAU?$pair@$$CBV?$basic_string@DU?$char_traits@D@std@@V?$allocator@D@2@@std@@PAVObj@@@1@PAU?$_Tree_node@U?$pair@$$CBV?$basic_string@DU?$char_traits@D@std@@V?$allocator@D@2@@std@@PAVObj@@@std@@PAX@1@@Z 004053b0 f i parse.obj
 0001:00004610       ??$_Insert_nohint@AAU?$pair@$$CBV?$basic_string@DU?$char_traits@D@std@@V?$allocator@D@2@@std@@PAVObj@@@std@@PAU?$_Tree_node@U?$pair@$$CBV?$basic_string@DU?$char_traits@D@std@@V?$allocator@D@2@@std@@PAVObj@@@std@@PAX@2@@?$_Tree@V?$_Tmap_traits@V?$basic_string@DU?$char_traits@D@std@@V?$allocator@D@2@@std@@PAVObj@@U?$less@V?$basic_string@DU?$char_traits@D@std@@V?$allocator@D@2@@std@@@2@V?$allocator@U?$pair@$$CBV?$basic_string@DU?$char_traits@D@std@@V?$allocator@D@2@@std@@PAVObj@@@std@@@2@$0A@@std@@@std@@IAE?AU?$pair@V?$_Tree_iterator@V?$_Tree_val@U?$_Tree_simple_types@U?$pair@$$CBV?$basic_string@DU?$char_traits@D@std@@V?$allocator@D@2@@std@@PAVObj@@@std@@@std@@@std@@@std@@_N@1@_NAAU?$pair@$$CBV?$basic_string@DU?$char_traits@D@std@@V?$allocator@D@2@@std@@PAVObj@@@1@PAU?$_Tree_node@U?$pair@$$CBV?$basic_string@DU?$char_traits@D@std@@V?$allocator@D@2@@std@@PAVObj@@@std@@PAX@1@@Z 00405610 f i parse.obj
 0001:00004880       ??$_Lbound@V?$basic_string@DU?$char_traits@D@std@@V?$allocator@D@2@@std@@@?$_Tree@V?$_Tmap_traits@V?$basic_string@DU?$char_traits@D@std@@V?$allocator@D@2@@std@@PAVObj@@U?$less@V?$basic_string@DU?$char_traits@D@std@@V?$allocator@D@2@@std@@@2@V?$allocator@U?$pair@$$CBV?$basic_string@DU?$char_traits@D@std@@V?$allocator@D@2@@std@@PAVObj@@@std@@@2@$0A@@std@@@std@@IBEPAU?$_Tree_node@U?$pair@$$CBV?$basic_string@DU?$char_traits@D@std@@V?$allocator@D@2@@std@@PAVObj@@@std@@PAX@1@ABV?$basic_string@DU?$char_traits@D@std@@V?$allocator@D@2@@1@@Z 00405880 f i parse.obj
 0001:00004960       ??$_Try_emplace@ABV?$basic_string@DU?$char_traits@D@std@@V?$allocator@D@2@@std@@$$V@?$map@V?$basic_string@DU?$char_traits@D@std@@V?$allocator@D@2@@std@@PAVObj@@U?$less@V?$basic_string@DU?$char_traits@D@std@@V?$allocator@D@2@@std@@@2@V?$allocator@U?$pair@$$CBV?$basic_string@DU?$char_traits@D@std@@V?$allocator@D@2@@std@@PAVObj@@@std@@@2@@std@@QAE?AU?$pair@V?$_Tree_iterator@V?$_Tree_val@U?$_Tree_simple_types@U?$pair@$$CBV?$basic_string@DU?$char_traits@D@std@@V?$allocator@D@2@@std@@PAVObj@@@std@@@std@@@std@@@std@@_N@1@ABV?$basic_string@DU?$char_traits@D@std@@V?$allocator@D@2@@1@@Z 00405960 f i parse.obj
 0001:00004a10       ??0?$basic_string@DU?$char_traits@D@std@@V?$allocator@D@2@@std@@QAE@PBD@Z 00405a10 f i parse.obj
 0001:00004a70       ??0?$vector@PAVObj@@V?$allocator@PAVObj@@@std@@@std@@QAE@ABV01@@Z 00405a70 f i parse.obj
 0001:00004b00       ??0Exception@@QAE@ABV0@@Z  00405b00 f i parse.obj
 0001:00004b30       ??0IdObj@@QAE@ABV?$basic_string@DU?$char_traits@D@std@@V?$allocator@D@2@@std@@@Z 00405b30 f i parse.obj
 0001:00004ba0       ??0NamedObj@@QAE@ABV?$basic_string@DU?$char_traits@D@std@@V?$allocator@D@2@@std@@PAVObj@@@Z 00405ba0 f i parse.obj
 0001:00004c10       ??0ObjTypeMismatch@@QAE@ABV0@@Z 00405c10 f i parse.obj
 0001:00004c40       ??0ObjTypeMismatch@@QAE@V?$basic_string@DU?$char_traits@D@std@@V?$allocator@D@2@@std@@0@Z 00405c40 f i parse.obj
 0001:00004ef0       ??0ParseError@@QAE@ABV0@@Z 00405ef0 f i parse.obj
 0001:00004f20       ??1?$_Tree_comp_alloc@V?$_Tmap_traits@V?$basic_string@DU?$char_traits@D@std@@V?$allocator@D@2@@std@@PAVObj@@U?$less@V?$basic_string@DU?$char_traits@D@std@@V?$allocator@D@2@@std@@@2@V?$allocator@U?$pair@$$CBV?$basic_string@DU?$char_traits@D@std@@V?$allocator@D@2@@std@@PAVObj@@@std@@@2@$0A@@std@@@std@@QAE@XZ 00405f20 f i parse.obj
 0001:00004f30       ??1?$map@V?$basic_string@DU?$char_traits@D@std@@V?$allocator@D@2@@std@@PAVObj@@U?$less@V?$basic_string@DU?$char_traits@D@std@@V?$allocator@D@2@@std@@@2@V?$allocator@U?$pair@$$CBV?$basic_string@DU?$char_traits@D@std@@V?$allocator@D@2@@std@@PAVObj@@@std@@@2@@std@@QAE@XZ 00405f30 f i parse.obj
 0001:00004f90       ??1?$vector@PAVObj@@V?$allocator@PAVObj@@@std@@@std@@QAE@XZ 00405f90 f i parse.obj
 0001:00004fd0       ??1BooleanObj@@UAE@XZ      00405fd0 f i parse.obj
 0001:00004fe0       ??1DictObj@@UAE@XZ         00405fe0 f i parse.obj
 0001:000050b0       ??1IdObj@@UAE@XZ           004060b0 f i parse.obj
 0001:00005100       ??1NamedObj@@UAE@XZ        00406100 f i parse.obj
 0001:00005160       ??1Obj@@UAE@XZ             00406160 f i parse.obj
 0001:00005170       ??1ObjTypeMismatch@@QAE@XZ 00406170 f i parse.obj
 0001:000051b0       ??1ScalarObj@@UAE@XZ       004061b0 f i parse.obj
 0001:000051c0       ??1StringObj@@UAE@XZ       004061c0 f i parse.obj
 0001:00005210       ??1TupleObj@@UAE@XZ        00406210 f i parse.obj
 0001:000052c0       ??1_Sentry_base@?$basic_ostream@DU?$char_traits@D@std@@@std@@QAE@XZ 004062c0 f i parse.obj
 0001:00005310       ??1sentry@?$basic_ostream@DU?$char_traits@D@std@@@std@@QAE@XZ 00406310 f i parse.obj
 0001:00005380       ??3@YAXPAX0@Z              00406380 f i parse.obj
 0001:00005390       ??E?$_Tree_unchecked_const_iterator@V?$_Tree_val@U?$_Tree_simple_types@U?$pair@$$CBV?$basic_string@DU?$char_traits@D@std@@V?$allocator@D@2@@std@@PAVObj@@@std@@@std@@@std@@U_Iterator_base0@2@@std@@QAEAAV01@XZ 00406390 f i parse.obj
 0001:000053e0       ??F?$_Tree_unchecked_const_iterator@V?$_Tree_val@U?$_Tree_simple_types@U?$pair@$$CBV?$basic_string@DU?$char_traits@D@std@@V?$allocator@D@2@@std@@PAVObj@@@std@@@std@@@std@@U_Iterator_base0@2@@std@@QAEAAV01@XZ 004063e0 f i parse.obj
 0001:00005440       ??R?$less@V?$basic_string@DU?$char_traits@D@std@@V?$allocator@D@2@@std@@@std@@QBE_NABV?$basic_string@DU?$char_traits@D@std@@V?$allocator@D@2@@1@0@Z 00406440 f i parse.obj
 0001:000054a0       ??_EBooleanObj@@UAEPAXI@Z  004064a0 f i parse.obj
 0001:000054a0       ??_GBooleanObj@@UAEPAXI@Z  004064a0 f i parse.obj
 0001:000054d0       ??_GDictObj@@UAEPAXI@Z     004064d0 f i parse.obj
 0001:000054d0       ??_EDictObj@@UAEPAXI@Z     004064d0 f i parse.obj
 0001:00005500       ??_GIdObj@@UAEPAXI@Z       00406500 f i parse.obj
 0001:00005500       ??_EIdObj@@UAEPAXI@Z       00406500 f i parse.obj
 0001:00005560       ??_GNamedObj@@UAEPAXI@Z    00406560 f i parse.obj
 0001:00005560       ??_ENamedObj@@UAEPAXI@Z    00406560 f i parse.obj
 0001:00005590       ??_GObj@@UAEPAXI@Z         00406590 f i parse.obj
 0001:00005590       ??_EObj@@UAEPAXI@Z         00406590 f i parse.obj
 0001:000055c0       ??_GScalarObj@@UAEPAXI@Z   004065c0 f i parse.obj
 0001:000055c0       ??_EScalarObj@@UAEPAXI@Z   004065c0 f i parse.obj
 0001:000055f0       ??_GStringObj@@UAEPAXI@Z   004065f0 f i parse.obj
 0001:000055f0       ??_EStringObj@@UAEPAXI@Z   004065f0 f i parse.obj
 0001:00005650       ??_ETupleObj@@UAEPAXI@Z    00406650 f i parse.obj
 0001:00005650       ??_GTupleObj@@UAEPAXI@Z    00406650 f i parse.obj
 0001:00005680       ?_Assign_rv@?$basic_string@DU?$char_traits@D@std@@V?$allocator@D@2@@std@@QAEX$$QAV12@@Z 00406680 f i parse.obj
 0001:000056f0       ?_Buyheadnode@?$_Tree_comp_alloc@V?$_Tmap_traits@V?$basic_string@DU?$char_traits@D@std@@V?$allocator@D@2@@std@@PAVObj@@U?$less@V?$basic_string@DU?$char_traits@D@std@@V?$allocator@D@2@@std@@@2@V?$allocator@U?$pair@$$CBV?$basic_string@DU?$char_traits@D@std@@V?$allocator@D@2@@std@@PAVObj@@@std@@@2@$0A@@std@@@std@@QAEPAU?$_Tree_node@U?$pair@$$CBV?$basic_string@DU?$char_traits@D@std@@V?$allocator@D@2@@std@@PAVObj@@@std@@PAX@2@XZ 004066f0 f i parse.obj
 0001:00005720       ?_Buynode0@?$_Tree_comp_alloc@V?$_Tmap_traits@V?$basic_string@DU?$char_traits@D@std@@V?$allocator@D@2@@std@@PAVObj@@U?$less@V?$basic_string@DU?$char_traits@D@std@@V?$allocator@D@2@@std@@@2@V?$allocator@U?$pair@$$CBV?$basic_string@DU?$char_traits@D@std@@V?$allocator@D@2@@std@@PAVObj@@@std@@@2@$0A@@std@@@std@@QAEPAU?$_Tree_node@U?$pair@$$CBV?$basic_string@DU?$char_traits@D@std@@V?$allocator@D@2@@std@@PAVObj@@@std@@PAX@2@XZ 00406720 f i parse.obj
 0001:00005760       ?_Chassign@?$basic_string@DU?$char_traits@D@std@@V?$allocator@D@2@@std@@QAEXIID@Z 00406760 f i parse.obj
 0001:000057b0       ?_Destroy_if_not_nil@?$_Tree@V?$_Tmap_traits@V?$basic_string@DU?$char_traits@D@std@@V?$allocator@D@2@@std@@PAVObj@@U?$less@V?$basic_string@DU?$char_traits@D@std@@V?$allocator@D@2@@std@@@2@V?$allocator@U?$pair@$$CBV?$basic_string@DU?$char_traits@D@std@@V?$allocator@D@2@@std@@PAVObj@@@std@@@2@$0A@@std@@@std@@IAEXPAU?$_Tree_node@U?$pair@$$CBV?$basic_string@DU?$char_traits@D@std@@V?$allocator@D@2@@std@@PAVObj@@@std@@PAX@2@@Z 004067b0 f i parse.obj
 0001:00005800       ?_Erase@?$_Tree@V?$_Tmap_traits@V?$basic_string@DU?$char_traits@D@std@@V?$allocator@D@2@@std@@PAVObj@@U?$less@V?$basic_string@DU?$char_traits@D@std@@V?$allocator@D@2@@std@@@2@V?$allocator@U?$pair@$$CBV?$basic_string@DU?$char_traits@D@std@@V?$allocator@D@2@@std@@PAVObj@@@std@@@2@$0A@@std@@@std@@IAEXPAU?$_Tree_node@U?$pair@$$CBV?$basic_string@DU?$char_traits@D@std@@V?$allocator@D@2@@std@@PAVObj@@@std@@PAX@2@@Z 00406800 f i parse.obj
 0001:000058b0       ?_Lrotate@?$_Tree@V?$_Tmap_traits@V?$basic_string@DU?$char_traits@D@std@@V?$allocator@D@2@@std@@PAVObj@@U?$less@V?$basic_string@DU?$char_traits@D@std@@V?$allocator@D@2@@std@@@2@V?$allocator@U?$pair@$$CBV?$basic_string@DU?$char_traits@D@std@@V?$allocator@D@2@@std@@PAVObj@@@std@@@2@$0A@@std@@@std@@IAEXPAU?$_Tree_node@U?$pair@$$CBV?$basic_string@DU?$char_traits@D@std@@V?$allocator@D@2@@std@@PAVObj@@@std@@PAX@2@@Z 004068b0 f i parse.obj
 0001:00005910       ?_Reallocate@?$vector@PAVObj@@V?$allocator@PAVObj@@@std@@@std@@IAEXI@Z 00406910 f i parse.obj
 0001:00005970       ?_Reserve@?$vector@PAVObj@@V?$allocator@PAVObj@@@std@@@std@@IAEXI@Z 00406970 f i parse.obj
 0001:000059e0       ?_Rrotate@?$_Tree@V?$_Tmap_traits@V?$basic_string@DU?$char_traits@D@std@@V?$allocator@D@2@@std@@PAVObj@@U?$less@V?$basic_string@DU?$char_traits@D@std@@V?$allocator@D@2@@std@@@2@V?$allocator@U?$pair@$$CBV?$basic_string@DU?$char_traits@D@std@@V?$allocator@D@2@@std@@PAVObj@@@std@@@2@$0A@@std@@@std@@IAEXPAU?$_Tree_node@U?$pair@$$CBV?$basic_string@DU?$char_traits@D@std@@V?$allocator@D@2@@std@@PAVObj@@@std@@PAX@2@@Z 004069e0 f i parse.obj
 0001:00005a40       ?allocate@?$allocator@PAVObj@@@std@@QAEPAPAVObj@@I@Z 00406a40 f i parse.obj
 0001:00005ab0       ?append@?$basic_string@DU?$char_traits@D@std@@V?$allocator@D@2@@std@@QAEAAV12@ABV12@II@Z 00406ab0 f i parse.obj
 0001:00005ba0       ?append@?$basic_string@DU?$char_traits@D@std@@V?$allocator@D@2@@std@@QAEAAV12@ID@Z 00406ba0 f i parse.obj
 0001:00005c50       ?compare@?$char_traits@D@std@@SAHPBD0I@Z 00406c50 f i parse.obj
 0001:00005f00       ?erase@?$_Tree@V?$_Tmap_traits@V?$basic_string@DU?$char_traits@D@std@@V?$allocator@D@2@@std@@PAVObj@@U?$less@V?$basic_string@DU?$char_traits@D@std@@V?$allocator@D@2@@std@@@2@V?$allocator@U?$pair@$$CBV?$basic_string@DU?$char_traits@D@std@@V?$allocator@D@2@@std@@PAVObj@@@std@@@2@$0A@@std@@@std@@QAE?AV?$_Tree_iterator@V?$_Tree_val@U?$_Tree_simple_types@U?$pair@$$CBV?$basic_string@DU?$char_traits@D@std@@V?$allocator@D@2@@std@@PAVObj@@@std@@@std@@@std@@@2@V?$_Tree_const_iterator@V?$_Tree_val@U?$_Tree_simple_types@U?$pair@$$CBV?$basic_string@DU?$char_traits@D@std@@V?$allocator@D@2@@std@@PAVObj@@@std@@@std@@@std@@@2@0@Z 00406f00 f i parse.obj
 0001:00005ff0       ?erase@?$_Tree@V?$_Tmap_traits@V?$basic_string@DU?$char_traits@D@std@@V?$allocator@D@2@@std@@PAVObj@@U?$less@V?$basic_string@DU?$char_traits@D@std@@V?$allocator@D@2@@std@@@2@V?$allocator@U?$pair@$$CBV?$basic_string@DU?$char_traits@D@std@@V?$allocator@D@2@@std@@PAVObj@@@std@@@2@$0A@@std@@@std@@QAE?AV?$_Tree_iterator@V?$_Tree_val@U?$_Tree_simple_types@U?$pair@$$CBV?$basic_string@DU?$char_traits@D@std@@V?$allocator@D@2@@std@@PAVObj@@@std@@@std@@@std@@@2@V?$_Tree_const_iterator@V?$_Tree_val@U?$_Tree_simple_types@U?$pair@$$CBV?$basic_string@DU?$char_traits@D@std@@V?$allocator@D@2@@std@@PAVObj@@@std@@@std@@@std@@@2@@Z 00406ff0 f i parse.obj
 0001:000062e0       ?getBoolean@BooleanObj@@UBE_NXZ 004072e0 f i parse.obj
 0001:000062f0       ?getBoolean@Obj@@UBE_NXZ   004072f0 f i parse.obj
 0001:00006380       ?getChild@NamedObj@@UBEPAVObj@@XZ 00407380 f i parse.obj
 0001:00006390       ?getChild@Obj@@UBEPAV1@XZ  00407390 f i parse.obj
 0001:00006420       ?getDict@DictObj@@UBEABV?$map@V?$basic_string@DU?$char_traits@D@std@@V?$allocator@D@2@@std@@PAVObj@@U?$less@V?$basic_string@DU?$char_traits@D@std@@V?$allocator@D@2@@std@@@2@V?$allocator@U?$pair@$$CBV?$basic_string@DU?$char_traits@D@std@@V?$allocator@D@2@@std@@PAVObj@@@std@@@2@@std@@XZ 00407420 f i parse.obj
 0001:00006430       ?getDict@Obj@@UBEABV?$map@V?$basic_string@DU?$char_traits@D@std@@V?$allocator@D@2@@std@@PAVObj@@U?$less@V?$basic_string@DU?$char_traits@D@std@@V?$allocator@D@2@@std@@@2@V?$allocator@U?$pair@$$CBV?$basic_string@DU?$char_traits@D@std@@V?$allocator@D@2@@std@@PAVObj@@@std@@@2@@std@@XZ 00407430 f i parse.obj
 0001:000064c0       ?getID@IdObj@@UBE?AV?$basic_string@DU?$char_traits@D@std@@V?$allocator@D@2@@std@@XZ 004074c0 f i parse.obj
 0001:00006500       ?getID@Obj@@UBE?AV?$basic_string@DU?$char_traits@D@std@@V?$allocator@D@2@@std@@XZ 00407500 f i parse.obj
 0001:00006590       ?getName@NamedObj@@UBE?AV?$basic_string@DU?$char_traits@D@std@@V?$allocator@D@2@@std@@XZ 00407590 f i parse.obj
 0001:000065d0       ?getName@Obj@@UBE?AV?$basic_string@DU?$char_traits@D@std@@V?$allocator@D@2@@std@@XZ 004075d0 f i parse.obj
 0001:00006660       ?getScalar@Obj@@UBENXZ     00407660 f i parse.obj
 0001:000066f0       ?getScalar@ScalarObj@@UBENXZ 004076f0 f i parse.obj
 0001:00006700       ?getString@Obj@@UBE?AV?$basic_string@DU?$char_traits@D@std@@V?$allocator@D@2@@std@@XZ 00407700 f i parse.obj
 0001:00006790       ?getString@StringObj@@UBE?AV?$basic_string@DU?$char_traits@D@std@@V?$allocator@D@2@@std@@XZ 00407790 f i parse.obj
 0001:000067d0       ?getTuple@Obj@@UBEABV?$vector@PAVObj@@V?$allocator@PAVObj@@@std@@@std@@XZ 004077d0 f i parse.obj
 0001:00006860       ?getTuple@TupleObj@@UBEABV?$vector@PAVObj@@V?$allocator@PAVObj@@@std@@@std@@XZ 00407860 f i parse.obj
 0001:00006870       ?getTypeName@BooleanObj@@UBE?AV?$basic_string@DU?$char_traits@D@std@@V?$allocator@D@2@@std@@XZ 00407870 f i parse.obj
 0001:000068b0       ?getTypeName@DictObj@@UBE?AV?$basic_string@DU?$char_traits@D@std@@V?$allocator@D@2@@std@@XZ 004078b0 f i parse.obj
 0001:000068f0       ?getTypeName@IdObj@@UBE?AV?$basic_string@DU?$char_traits@D@std@@V?$allocator@D@2@@std@@XZ 004078f0 f i parse.obj
 0001:00006930       ?getTypeName@NamedObj@@UBE?AV?$basic_string@DU?$char_traits@D@std@@V?$allocator@D@2@@std@@XZ 00407930 f i parse.obj
 0001:00006970       ?getTypeName@Obj@@UBE?AV?$basic_string@DU?$char_traits@D@std@@V?$allocator@D@2@@std@@XZ 00407970 f i parse.obj
 0001:000069b0       ?getTypeName@ScalarObj@@UBE?AV?$basic_string@DU?$char_traits@D@std@@V?$allocator@D@2@@std@@XZ 004079b0 f i parse.obj
 0001:000069f0       ?getTypeName@StringObj@@UBE?AV?$basic_string@DU?$char_traits@D@std@@V?$allocator@D@2@@std@@XZ 004079f0 f i parse.obj
 0001:00006a30       ?getTypeName@TupleObj@@UBE?AV?$basic_string@DU?$char_traits@D@std@@V?$allocator@D@2@@std@@XZ 00407a30 f i parse.obj
 0001:00006a70       ?insert@?$basic_string@DU?$char_traits@D@std@@V?$allocator@D@2@@std@@QAEAAV12@IABV12@II@Z 00407a70 f i parse.obj
 0001:00006c00       ?printOn@BooleanObj@@UBEXAAV?$basic_ostream@DU?$char_traits@D@std@@@std@@@Z 00407c00 f i parse.obj
 0001:00006c30       ?printOn@DictObj@@UBEXAAV?$basic_ostream@DU?$char_traits@D@std@@@std@@@Z 00407c30 f i parse.obj
 0001:00006d00       ?printOn@IdObj@@UBEXAAV?$basic_ostream@DU?$char_traits@D@std@@@std@@@Z 00407d00 f i parse.obj
 0001:00006d20       ?printOn@NamedObj@@UBEXAAV?$basic_ostream@DU?$char_traits@D@std@@@std@@@Z 00407d20 f i parse.obj
 0001:00006d50       ?printOn@Obj@@UBEXAAV?$basic_ostream@DU?$char_traits@D@std@@@std@@@Z 00407d50 f i parse.obj
 0001:00006d60       ?printOn@ScalarObj@@UBEXAAV?$basic_ostream@DU?$char_traits@D@std@@@std@@@Z 00407d60 f i parse.obj
 0001:00006d80       ?printOn@StringObj@@UBEXAAV?$basic_ostream@DU?$char_traits@D@std@@@std@@@Z 00407d80 f i parse.obj
 0001:00006db0       ?printOn@TupleObj@@UBEXAAV?$basic_ostream@DU?$char_traits@D@std@@@std@@@Z 00407db0 f i parse.obj
 0001:00007170       ?readFile@@YAPAVObj@@AAV?$basic_istream@DU?$char_traits@D@std@@@std@@@Z 00408170 f   parse.obj
 0001:000079f0       ??$?HDU?$char_traits@D@std@@V?$allocator@D@1@@std@@YA?AV?$basic_string@DU?$char_traits@D@std@@V?$allocator@D@2@@0@$$QAV10@PBD@Z 004089f0 f i read.obj
 0001:00007a50       ??$_Buynode@ABQAVGeometry@@@?$_List_buy@PAVGeometry@@V?$allocator@PAVGeometry@@@std@@@std@@QAEPAU?$_List_node@PAVGeometry@@PAX@1@PAU21@0ABQAVGeometry@@@Z 00408a50 f i read.obj
 0001:00007a70       ??$_Buynode@ABQAVLight@@@?$_List_buy@PAVLight@@V?$allocator@PAVLight@@@std@@@std@@QAEPAU?$_List_node@PAVLight@@PAX@1@PAU21@0ABQAVLight@@@Z 00408a70 f i read.obj
 0001:00007a90       ??$_Buynode@ABQAVTransformNode@@@?$_List_buy@PAVTransformNode@@V?$allocator@PAVTransformNode@@@std@@@std@@QAEPAU?$_List_node@PAVTransformNode@@PAX@1@PAU21@0ABQAVTransformNode@@@Z 00408a90 f i read.obj
 0001:00007ab0       ??$_Buynode@ABUpiecewise_construct_t@std@@V?$tuple@ABV?$basic_string@DU?$char_traits@D@std@@V?$allocator@D@2@@std@@@2@V?$tuple@$$V@2@@?$_Tree_comp_alloc@V?$_Tmap_traits@V?$basic_string@DU?$char_traits@D@std@@V?$allocator@D@2@@std@@PAVMaterial@@U?$less@V?$basic_string@DU?$char_traits@D@std@@V?$allocator@D@2@@std@@@2@V?$allocator@U?$pair@$$CBV?$basic_string@DU?$char_traits@D@std@@V?$allocator@D@2@@std@@PAVMaterial@@@std@@@2@$0A@@std@@@std@@QAEPAU?$_Tree_node@U?$pair@$$CBV?$basic_string@DU?$char_traits@D@std@@V?$allocator@D@2@@std@@PAVMaterial@@@std@@PAX@1@ABUpiecewise_construct_t@1@$$QAV?$tuple@ABV?$basic_string@DU?$char_traits@D@std@@V?$allocator@D@2@@std@@@1@$$QAV?$tuple@$$V@1@@Z 00408ab0 f i read.obj
 0001:00007b70       ??$_Insert_at@AAU?$pair@$$CBV?$basic_string@DU?$char_traits@D@std@@V?$allocator@D@2@@std@@PAVMaterial@@@std@@PAU?$_Tree_node@U?$pair@$$CBV?$basic_string@DU?$char_traits@D@std@@V?$allocator@D@2@@std@@PAVMaterial@@@std@@PAX@2@@?$_Tree@V?$_Tmap_traits@V?$basic_string@DU?$char_traits@D@std@@V?$allocator@D@2@@std@@PAVMaterial@@U?$less@V?$basic_string@DU?$char_traits@D@std@@V?$allocator@D@2@@std@@@2@V?$allocator@U?$pair@$$CBV?$basic_string@DU?$char_traits@D@std@@V?$allocator@D@2@@std@@PAVMaterial@@@std@@@2@$0A@@std@@@std@@IAE?AV?$_Tree_iterator@V?$_Tree_val@U?$_Tree_simple_types@U?$pair@$$CBV?$basic_string@DU?$char_traits@D@std@@V?$allocator@D@2@@std@@PAVMaterial@@@std@@@std@@@std@@@1@_NPAU?$_Tree_node@U?$pair@$$CBV?$basic_string@DU?$char_traits@D@std@@V?$allocator@D@2@@std@@PAVMaterial@@@std@@PAX@1@AAU?$pair@$$CBV?$basic_string@DU?$char_traits@D@std@@V?$allocator@D@2@@std@@PAVMaterial@@@1@1@Z 00408b70 f i read.obj
 0001:00007d40       ??$_Insert_hint@AAU?$pair@$$CBV?$basic_string@DU?$char_traits@D@std@@V?$allocator@D@2@@std@@PAVMaterial@@@std@@PAU?$_Tree_node@U?$pair@$$CBV?$basic_string@DU?$char_traits@D@std@@V?$allocator@D@2@@std@@PAVMaterial@@@std@@PAX@2@@?$_Tree@V?$_Tmap_traits@V?$basic_string@DU?$char_traits@D@std@@V?$allocator@D@2@@std@@PAVMaterial@@U?$less@V?$basic_string@DU?$char_traits@D@std@@V?$allocator@D@2@@std@@@2@V?$allocator@U?$pair@$$CBV?$basic_string@DU?$char_traits@D@std@@V?$allocator@D@2@@std@@PAVMaterial@@@std@@@2@$0A@@std@@@std@@IAE?AV?$_Tree_iterator@V?$_Tree_val@U?$_Tree_simple_types@U?$pair@$$CBV?$basic_string@DU?$char_traits@D@std@@V?$allocator@D@2@@std@@PAVMaterial@@@std@@@std@@@std@@@1@V?$_Tree_const_iterator@V?$_Tree_val@U?$_Tree_simple_types@U?$pair@$$CBV?$basic_string@DU?$char_traits@D@std@@V?$allocator@D@2@@std@@PAVMaterial@@@std@@@std@@@std@@@1@AAU?$pair@$$CBV?$basic_string@DU?$char_traits@D@std@@V?$allocator@D@2@@std@@PAVMaterial@@@1@PAU?$_Tree_node@U?$pair@$$CBV?$basic_string@DU?$char_traits@D@std@@V?$allocator@D@2@@std@@PAVMaterial@@@std@@PAX@1@@Z 00408d40 f i read.obj
 0001:00007fa0       ??$_Insert_nohint@AAU?$pair@$$CBV?$basic_string@DU?$char_traits@D@std@@V?$allocator@D@2@@std@@PAVMaterial@@@std@@PAU?$_Tree_node@U?$pair@$$CBV?$basic_string@DU?$char_traits@D@std@@V?$allocator@D@2@@std@@PAVMaterial@@@std@@PAX@2@@?$_Tree@V?$_Tmap_traits@V?$basic_string@DU?$char_traits@D@std@@V?$allocator@D@2@@std@@PAVMaterial@@U?$less@V?$basic_string@DU?$char_traits@D@std@@V?$allocator@D@2@@std@@@2@V?$allocator@U?$pair@$$CBV?$basic_string@DU?$char_traits@D@std@@V?$allocator@D@2@@std@@PAVMaterial@@@std@@@2@$0A@@std@@@std@@IAE?AU?$pair@V?$_Tree_iterator@V?$_Tree_val@U?$_Tree_simple_types@U?$pair@$$CBV?$basic_string@DU?$char_traits@D@std@@V?$allocator@D@2@@std@@PAVMaterial@@@std@@@std@@@std@@@std@@_N@1@_NAAU?$pair@$$CBV?$basic_string@DU?$char_traits@D@std@@V?$allocator@D@2@@std@@PAVMaterial@@@1@PAU?$_Tree_node@U?$pair@$$CBV?$basic_string@DU?$char_traits@D@std@@V?$allocator@D@2@@std@@PAVMaterial@@@std@@PAX@1@@Z 00408fa0 f i read.obj
 0001:00008210       ??$_Lbound@V?$basic_string@DU?$char_traits@D@std@@V?$allocator@D@2@@std@@@?$_Tree@V?$_Tmap_traits@V?$basic_string@DU?$char_traits@D@std@@V?$allocator@D@2@@std@@PAVMaterial@@U?$less@V?$basic_string@DU?$char_traits@D@std@@V?$allocator@D@2@@std@@@2@V?$allocator@U?$pair@$$CBV?$basic_string@DU?$char_traits@D@std@@V?$allocator@D@2@@std@@PAVMaterial@@@std@@@2@$0A@@std@@@std@@IBEPAU?$_Tree_node@U?$pair@$$CBV?$basic_string@DU?$char_traits@D@std@@V?$allocator@D@2@@std@@PAVMaterial@@@std@@PAX@1@ABV?$basic_string@DU?$char_traits@D@std@@V?$allocator@D@2@@1@@Z 00409210 f i read.obj
 0001:000082f0       ??$_Try_emplace@ABV?$basic_string@DU?$char_traits@D@std@@V?$allocator@D@2@@std@@$$V@?$map@V?$basic_string@DU?$char_traits@D@std@@V?$allocator@D@2@@std@@PAVMaterial@@U?$less@V?$basic_string@DU?$char_traits@D@std@@V?$allocator@D@2@@std@@@2@V?$allocator@U?$pair@$$CBV?$basic_string@DU?$char_traits@D@std@@V?$allocator@D@2@@std@@PAVMaterial@@@std@@@2@@std@@QAE?AU?$pair@V?$_Tree_iterator@V?$_Tree_val@U?$_Tree_simple_types@U?$pair@$$CBV?$basic_string@DU?$char_traits@D@std@@V?$allocator@D@2@@std@@PAVMaterial@@@std@@@std@@@std@@@std@@_N@1@ABV?$basic_string@DU?$char_traits@D@std@@V?$allocator@D@2@@1@@Z 004092f0 f i read.obj
 0001:000083a0       ??$endl@DU?$char_traits@D@std@@@std@@YAAAV?$basic_ostream@DU?$char_traits@D@std@@@0@AAV10@@Z 004093a0 f i read.obj
 0001:000083d0       ??$ends@DU?$char_traits@D@std@@@std@@YAAAV?$basic_ostream@DU?$char_traits@D@std@@@0@AAV10@@Z 004093d0 f i read.obj
 0001:000083f0       ??$use_facet@V?$codecvt@DDU_Mbstatet@@@std@@@std@@YAABV?$codecvt@DDU_Mbstatet@@@0@ABVlocale@0@@Z 004093f0 f i read.obj
 0001:000084f0       ??0?$basic_ifstream@DU?$char_traits@D@std@@@std@@QAE@PBDHH@Z 004094f0 f i read.obj
 0001:00008600       ??0?$basic_string@DU?$char_traits@D@std@@V?$allocator@D@2@@std@@QAE@ABV01@@Z 00409600 f i read.obj
 0001:00008630       ??0?$fpos@U_Mbstatet@@@std@@QAE@U_Mbstatet@@_J@Z 00409630 f i read.obj
 0001:00008660       ??0PointLight@@QAE@PAVScene@@ABVvec3f@@1NNN@Z 00409660 f i read.obj
 0001:000086e0       ??0Scene@@QAE@XZ           004096e0 f i read.obj
 0001:000088a0       ??0SpotLight@@QAE@PAVScene@@ABVvec3f@@NAAV2@1NNN@Z 004098a0 f i read.obj
 0001:00008950       ??0TransformNode@@IAE@PAV0@ABVmat4f@@@Z 00409950 f i read.obj
 0001:00008d50       ??0bad_cast@std@@QAE@ABV01@@Z 00409d50 f i read.obj
 0001:00008d90       ??0exception@std@@QAE@ABV01@@Z 00409d90 f i read.obj
 0001:00008dc0       ??0mat4f@@QAE@ABVvec4f@@000@Z 00409dc0 f i read.obj
 0001:00008e90       ??0ostrstream@std@@QAE@XZ  00409e90 f i read.obj
 0001:00008f80       ??0vec4f@@QAE@XZ           00409f80 f i read.obj
 0001:00008f90       ??1?$basic_filebuf@DU?$char_traits@D@std@@@std@@UAE@XZ 00409f90 f i read.obj
 0001:00009010       ??1?$basic_ifstream@DU?$char_traits@D@std@@@std@@UAE@XZ 0040a010 f i read.obj
 0001:000090c0       ??1?$list@PAVGeometry@@V?$allocator@PAVGeometry@@@std@@@std@@QAE@XZ 0040a0c0 f i read.obj
 0001:00009110       ??1?$list@PAVLight@@V?$allocator@PAVLight@@@std@@@std@@QAE@XZ 0040a110 f i read.obj
 0001:00009160       ??1?$list@PAVTransformNode@@V?$allocator@PAVTransformNode@@@std@@@std@@QAE@XZ 0040a160 f i read.obj
 0001:000091b0       ??1?$map@V?$basic_string@DU?$char_traits@D@std@@V?$allocator@D@2@@std@@PAVMaterial@@U?$less@V?$basic_string@DU?$char_traits@D@std@@V?$allocator@D@2@@std@@@2@V?$allocator@U?$pair@$$CBV?$basic_string@DU?$char_traits@D@std@@V?$allocator@D@2@@std@@PAVMaterial@@@std@@@2@@std@@QAE@XZ 0040a1b0 f i read.obj
 0001:00009210       ??1MaterialSceneObject@@UAE@XZ 0040a210 f i read.obj
 0001:00009240       ??1SceneElement@@UAE@XZ    0040a240 f i read.obj
 0001:00009250       ??1TransformNode@@QAE@XZ   0040a250 f i read.obj
 0001:000092e0       ??1TransformRoot@@QAE@XZ   0040a2e0 f i read.obj
 0001:000092f0       ??1bad_cast@std@@UAE@XZ    0040a2f0 f i read.obj
 0001:00009310       ??1exception@std@@UAE@XZ   0040a310 f i read.obj
 0001:00009330       ??1locale@std@@QAE@XZ      0040a330 f i read.obj
 0001:00009380       ??1ostrstream@std@@UAE@XZ  0040a380 f i read.obj
 0001:00009420       ??1strstreambuf@std@@UAE@XZ 0040a420 f i read.obj
 0001:00009490       ??4?$basic_string@DU?$char_traits@D@std@@V?$allocator@D@2@@std@@QAEAAV01@$$QAV01@@Z 0040a490 f i read.obj
 0001:00009510       ??6@YAAAV?$basic_ostream@DU?$char_traits@D@std@@@std@@AAV01@ABVException@@@Z 0040a510 f i read.obj
 0001:00009590       ??D@YA?AVmat4f@@ABV0@0@Z   0040a590 f i read.obj
 0001:00009a40       ??E?$_Tree_unchecked_const_iterator@V?$_Tree_val@U?$_Tree_simple_types@U?$pair@$$CBV?$basic_string@DU?$char_traits@D@std@@V?$allocator@D@2@@std@@PAVMaterial@@@std@@@std@@@std@@U_Iterator_base0@2@@std@@QAEAAV01@XZ 0040aa40 f i read.obj
 0001:00009a90       ??F?$_Tree_unchecked_const_iterator@V?$_Tree_val@U?$_Tree_simple_types@U?$pair@$$CBV?$basic_string@DU?$char_traits@D@std@@V?$allocator@D@2@@std@@PAVMaterial@@@std@@@std@@@std@@U_Iterator_base0@2@@std@@QAEAAV01@XZ 0040aa90 f i read.obj
 0001:00009af0       ??_D?$basic_ifstream@DU?$char_traits@D@std@@@std@@QAEXXZ 0040aaf0 f i read.obj
 0001:00009b10       ??_Dostrstream@std@@QAEXXZ 0040ab10 f i read.obj
 0001:00009b24       ??_E?$basic_ifstream@DU?$char_traits@D@std@@@std@@$4PPPPPPPM@A@AEPAXI@Z 0040ab24 f i read.obj
 0001:00009b2c       ??_Eostrstream@std@@$4PPPPPPPM@A@AEPAXI@Z 0040ab2c f i read.obj
 0001:00009b40       ??_E?$basic_filebuf@DU?$char_traits@D@std@@@std@@UAEPAXI@Z 0040ab40 f i read.obj
 0001:00009b40       ??_G?$basic_filebuf@DU?$char_traits@D@std@@@std@@UAEPAXI@Z 0040ab40 f i read.obj
 0001:00009be0       ??_G?$basic_ifstream@DU?$char_traits@D@std@@@std@@UAEPAXI@Z 0040abe0 f i read.obj
 0001:00009be0       ??_E?$basic_ifstream@DU?$char_traits@D@std@@@std@@UAEPAXI@Z 0040abe0 f i read.obj
 0001:00009c20       ??_GBox@@UAEPAXI@Z         0040ac20 f i read.obj
 0001:00009c20       ??_EBox@@UAEPAXI@Z         0040ac20 f i read.obj
 0001:00009c60       ??_GCone@@UAEPAXI@Z        0040ac60 f i read.obj
 0001:00009c60       ??_ECone@@UAEPAXI@Z        0040ac60 f i read.obj
 0001:00009cb0       ??_ECylinder@@UAEPAXI@Z    0040acb0 f i read.obj
 0001:00009cb0       ??_GCylinder@@UAEPAXI@Z    0040acb0 f i read.obj
 0001:00009cf0       ??_GDirectionalLight@@UAEPAXI@Z 0040acf0 f i read.obj
 0001:00009cf0       ??_EDirectionalLight@@UAEPAXI@Z 0040acf0 f i read.obj
 0001:00009d20       ??_GGeometry@@UAEPAXI@Z    0040ad20 f i read.obj
 0001:00009d20       ??_EGeometry@@UAEPAXI@Z    0040ad20 f i read.obj
 0001:00009d50       ??_ELight@@UAEPAXI@Z       0040ad50 f i read.obj
 0001:00009d50       ??_GLight@@UAEPAXI@Z       0040ad50 f i read.obj
 0001:00009d80       ??_EMaterialSceneObject@@UAEPAXI@Z 0040ad80 f i read.obj
 0001:00009d80       ??_GMaterialSceneObject@@UAEPAXI@Z 0040ad80 f i read.obj
 0001:00009dc0       ??_GPointLight@@UAEPAXI@Z  0040adc0 f i read.obj
 0001:00009dc0       ??_EPointLight@@UAEPAXI@Z  0040adc0 f i read.obj
 0001:00009df0       ??_EScene@@UAEPAXI@Z       0040adf0 f i read.obj
 0001:00009df0       ??_GScene@@UAEPAXI@Z       0040adf0 f i read.obj
 0001:00009e20       ??_ESceneElement@@UAEPAXI@Z 0040ae20 f i read.obj
 0001:00009e20       ??_GSceneElement@@UAEPAXI@Z 0040ae20 f i read.obj
 0001:00009e50       ??_GSceneObject@@UAEPAXI@Z 0040ae50 f i read.obj
 0001:00009e50       ??_ESceneObject@@UAEPAXI@Z 0040ae50 f i read.obj
 0001:00009e80       ??_ESphere@@UAEPAXI@Z      0040ae80 f i read.obj
 0001:00009e80       ??_GSphere@@UAEPAXI@Z      0040ae80 f i read.obj
 0001:00009ec0       ??_ESpotLight@@UAEPAXI@Z   0040aec0 f i read.obj
 0001:00009ec0       ??_GSpotLight@@UAEPAXI@Z   0040aec0 f i read.obj
 0001:00009ef0       ??_GSquare@@UAEPAXI@Z      0040aef0 f i read.obj
 0001:00009ef0       ??_ESquare@@UAEPAXI@Z      0040aef0 f i read.obj
 0001:00009f30       ??_ETrimesh@@UAEPAXI@Z     0040af30 f i read.obj
 0001:00009f30       ??_GTrimesh@@UAEPAXI@Z     0040af30 f i read.obj
 0001:00009f60       ??_Ebad_cast@std@@UAEPAXI@Z 0040af60 f i read.obj
 0001:00009f60       ??_Gbad_cast@std@@UAEPAXI@Z 0040af60 f i read.obj
 0001:00009fa0       ??_Gexception@std@@UAEPAXI@Z 0040afa0 f i read.obj
 0001:00009fa0       ??_Eexception@std@@UAEPAXI@Z 0040afa0 f i read.obj
 0001:00009fe0       ??_Eostrstream@std@@UAEPAXI@Z 0040afe0 f i read.obj
 0001:00009fe0       ??_Gostrstream@std@@UAEPAXI@Z 0040afe0 f i read.obj
 0001:0000a020       ??_Estrstreambuf@std@@UAEPAXI@Z 0040b020 f i read.obj
 0001:0000a020       ??_Gstrstreambuf@std@@UAEPAXI@Z 0040b020 f i read.obj
 0001:0000a0b0       ?ComputeBoundingBox@Geometry@@UAEXXZ 0040b0b0 f i read.obj
 0001:0000a6f0       ?ComputeLocalBoundingBox@Box@@UAE?AVBoundingBox@@XZ 0040b6f0 f i read.obj
 0001:0000a730       ?ComputeLocalBoundingBox@Cone@@UAE?AVBoundingBox@@XZ 0040b730 f i read.obj
 0001:0000a790       ?ComputeLocalBoundingBox@Cylinder@@UAE?AVBoundingBox@@XZ 0040b790 f i read.obj
 0001:0000a7d0       ?ComputeLocalBoundingBox@Geometry@@UAE?AVBoundingBox@@XZ 0040b7d0 f i read.obj
 0001:0000a800       ?ComputeLocalBoundingBox@Sphere@@UAE?AVBoundingBox@@XZ 0040b800 f i read.obj
 0001:0000a840       ?ComputeLocalBoundingBox@Square@@UAE?AVBoundingBox@@XZ 0040b840 f i read.obj
 0001:0000a890       ?IaAdder@Scene@@QAEXVvec3f@@@Z 0040b890 f i read.obj
 0001:0000a930       ?_Buyheadnode@?$_Tree_comp_alloc@V?$_Tmap_traits@V?$basic_string@DU?$char_traits@D@std@@V?$allocator@D@2@@std@@PAVMaterial@@U?$less@V?$basic_string@DU?$char_traits@D@std@@V?$allocator@D@2@@std@@@2@V?$allocator@U?$pair@$$CBV?$basic_string@DU?$char_traits@D@std@@V?$allocator@D@2@@std@@PAVMaterial@@@std@@@2@$0A@@std@@@std@@QAEPAU?$_Tree_node@U?$pair@$$CBV?$basic_string@DU?$char_traits@D@std@@V?$allocator@D@2@@std@@PAVMaterial@@@std@@PAX@2@XZ 0040b930 f i read.obj
 0001:0000a960       ?_Buynode0@?$_List_alloc@U?$_List_base_types@PAVGeometry@@V?$allocator@PAVGeometry@@@std@@@std@@@std@@QAEPAU?$_List_node@PAVGeometry@@PAX@2@PAU32@0@Z 0040b960 f i read.obj
 0001:0000a9a0       ?_Buynode0@?$_List_alloc@U?$_List_base_types@PAVLight@@V?$allocator@PAVLight@@@std@@@std@@@std@@QAEPAU?$_List_node@PAVLight@@PAX@2@PAU32@0@Z 0040b9a0 f i read.obj
 0001:0000a9e0       ?_Buynode0@?$_List_alloc@U?$_List_base_types@PAVTransformNode@@V?$allocator@PAVTransformNode@@@std@@@std@@@std@@QAEPAU?$_List_node@PAVTransformNode@@PAX@2@PAU32@0@Z 0040b9e0 f i read.obj
 0001:0000aa20       ?_Buynode0@?$_Tree_comp_alloc@V?$_Tmap_traits@V?$basic_string@DU?$char_traits@D@std@@V?$allocator@D@2@@std@@PAVMaterial@@U?$less@V?$basic_string@DU?$char_traits@D@std@@V?$allocator@D@2@@std@@@2@V?$allocator@U?$pair@$$CBV?$basic_string@DU?$char_traits@D@std@@V?$allocator@D@2@@std@@PAVMaterial@@@std@@@2@$0A@@std@@@std@@QAEPAU?$_Tree_node@U?$pair@$$CBV?$basic_string@DU?$char_traits@D@std@@V?$allocator@D@2@@std@@PAVMaterial@@@std@@PAX@2@XZ 0040ba20 f i read.obj
 0001:0000aa60       ?_Destroy_if_not_nil@?$_Tree@V?$_Tmap_traits@V?$basic_string@DU?$char_traits@D@std@@V?$allocator@D@2@@std@@PAVMaterial@@U?$less@V?$basic_string@DU?$char_traits@D@std@@V?$allocator@D@2@@std@@@2@V?$allocator@U?$pair@$$CBV?$basic_string@DU?$char_traits@D@std@@V?$allocator@D@2@@std@@PAVMaterial@@@std@@@2@$0A@@std@@@std@@IAEXPAU?$_Tree_node@U?$pair@$$CBV?$basic_string@DU?$char_traits@D@std@@V?$allocator@D@2@@std@@PAVMaterial@@@std@@PAX@2@@Z 0040ba60 f i read.obj
 0001:0000aab0       ?_Endwrite@?$basic_filebuf@DU?$char_traits@D@std@@@std@@IAE_NXZ 0040bab0 f i read.obj
 0001:0000ac20       ?_Erase@?$_Tree@V?$_Tmap_traits@V?$basic_string@DU?$char_traits@D@std@@V?$allocator@D@2@@std@@PAVMaterial@@U?$less@V?$basic_string@DU?$char_traits@D@std@@V?$allocator@D@2@@std@@@2@V?$allocator@U?$pair@$$CBV?$basic_string@DU?$char_traits@D@std@@V?$allocator@D@2@@std@@PAVMaterial@@@std@@@2@$0A@@std@@@std@@IAEXPAU?$_Tree_node@U?$pair@$$CBV?$basic_string@DU?$char_traits@D@std@@V?$allocator@D@2@@std@@PAVMaterial@@@std@@PAX@2@@Z 0040bc20 f i read.obj
 0001:0000acd0       ?_Init@?$basic_filebuf@DU?$char_traits@D@std@@@std@@IAEXPAU_iobuf@@W4_Initfl@12@@Z 0040bcd0 f i read.obj
 0001:0000ad60       ?_Lock@?$basic_filebuf@DU?$char_traits@D@std@@@std@@UAEXXZ 0040bd60 f i read.obj
 0001:0000ad70       ?_Lrotate@?$_Tree@V?$_Tmap_traits@V?$basic_string@DU?$char_traits@D@std@@V?$allocator@D@2@@std@@PAVMaterial@@U?$less@V?$basic_string@DU?$char_traits@D@std@@V?$allocator@D@2@@std@@@2@V?$allocator@U?$pair@$$CBV?$basic_string@DU?$char_traits@D@std@@V?$allocator@D@2@@std@@PAVMaterial@@@std@@@2@$0A@@std@@@std@@IAEXPAU?$_Tree_node@U?$pair@$$CBV?$basic_string@DU?$char_traits@D@std@@V?$allocator@D@2@@std@@PAVMaterial@@@std@@PAX@2@@Z 0040bd70 f i read.obj
 0001:0000add0       ?_Reset_back@?$basic_filebuf@DU?$char_traits@D@std@@@std@@AAEXXZ 0040bdd0 f i read.obj
 0001:0000ae00       ?_Rrotate@?$_Tree@V?$_Tmap_traits@V?$basic_string@DU?$char_traits@D@std@@V?$allocator@D@2@@std@@PAVMaterial@@U?$less@V?$basic_string@DU?$char_traits@D@std@@V?$allocator@D@2@@std@@@2@V?$allocator@U?$pair@$$CBV?$basic_string@DU?$char_traits@D@std@@V?$allocator@D@2@@std@@PAVMaterial@@@std@@@2@$0A@@std@@@std@@IAEXPAU?$_Tree_node@U?$pair@$$CBV?$basic_string@DU?$char_traits@D@std@@V?$allocator@D@2@@std@@PAVMaterial@@@std@@PAX@2@@Z 0040be00 f i read.obj
 0001:0000ae60       ?_Set_back@?$basic_filebuf@DU?$char_traits@D@std@@@std@@AAEXXZ 0040be60 f i read.obj
 0001:0000aea0       ?_Unlock@?$basic_filebuf@DU?$char_traits@D@std@@@std@@UAEXXZ 0040bea0 f i read.obj
 0001:0000aeb0       ?add@Scene@@QAEXPAVGeometry@@@Z 0040beb0 f i read.obj
 0001:0000af10       ?add@Scene@@QAEXPAVLight@@@Z 0040bf10 f i read.obj
 0001:0000af60       ?append@?$basic_string@DU?$char_traits@D@std@@V?$allocator@D@2@@std@@QAEAAV12@PBDI@Z 0040bf60 f i read.obj
 0001:0000b080       ?close@?$basic_filebuf@DU?$char_traits@D@std@@@std@@QAEPAV12@XZ 0040c080 f i read.obj
 0001:0000b0f0       ?createChild@TransformNode@@QAEPAV1@ABVmat4f@@@Z 0040c0f0 f i read.obj
 0001:0000b1b0       ?erase@?$_Tree@V?$_Tmap_traits@V?$basic_string@DU?$char_traits@D@std@@V?$allocator@D@2@@std@@PAVMaterial@@U?$less@V?$basic_string@DU?$char_traits@D@std@@V?$allocator@D@2@@std@@@2@V?$allocator@U?$pair@$$CBV?$basic_string@DU?$char_traits@D@std@@V?$allocator@D@2@@std@@PAVMaterial@@@std@@@2@$0A@@std@@@std@@QAE?AV?$_Tree_iterator@V?$_Tree_val@U?$_Tree_simple_types@U?$pair@$$CBV?$basic_string@DU?$char_traits@D@std@@V?$allocator@D@2@@std@@PAVMaterial@@@std@@@std@@@std@@@2@V?$_Tree_const_iterator@V?$_Tree_val@U?$_Tree_simple_types@U?$pair@$$CBV?$basic_string@DU?$char_traits@D@std@@V?$allocator@D@2@@std@@PAVMaterial@@@std@@@std@@@std@@@2@0@Z 0040c1b0 f i read.obj
 0001:0000b2a0       ?erase@?$_Tree@V?$_Tmap_traits@V?$basic_string@DU?$char_traits@D@std@@V?$allocator@D@2@@std@@PAVMaterial@@U?$less@V?$basic_string@DU?$char_traits@D@std@@V?$allocator@D@2@@std@@@2@V?$allocator@U?$pair@$$CBV?$basic_string@DU?$char_traits@D@std@@V?$allocator@D@2@@std@@PAVMaterial@@@std@@@2@$0A@@std@@@std@@QAE?AV?$_Tree_iterator@V?$_Tree_val@U?$_Tree_simple_types@U?$pair@$$CBV?$basic_string@DU?$char_traits@D@std@@V?$allocator@D@2@@std@@PAVMaterial@@@std@@@std@@@std@@@2@V?$_Tree_const_iterator@V?$_Tree_val@U?$_Tree_simple_types@U?$pair@$$CBV?$basic_string@DU?$char_traits@D@std@@V?$allocator@D@2@@std@@PAVMaterial@@@std@@@std@@@std@@@2@@Z 0040c2a0 f i read.obj
 0001:0000b590       ?find@?$_Tree@V?$_Tmap_traits@V?$basic_string@DU?$char_traits@D@std@@V?$allocator@D@2@@std@@PAVMaterial@@U?$less@V?$basic_string@DU?$char_traits@D@std@@V?$allocator@D@2@@std@@@2@V?$allocator@U?$pair@$$CBV?$basic_string@DU?$char_traits@D@std@@V?$allocator@D@2@@std@@PAVMaterial@@@std@@@2@$0A@@std@@@std@@QBE?AV?$_Tree_const_iterator@V?$_Tree_val@U?$_Tree_simple_types@U?$pair@$$CBV?$basic_string@DU?$char_traits@D@std@@V?$allocator@D@2@@std@@PAVMaterial@@@std@@@std@@@std@@@2@ABV?$basic_string@DU?$char_traits@D@std@@V?$allocator@D@2@@2@@Z 0040c590 f i read.obj
 0001:0000b620       ?find@?$_Tree@V?$_Tmap_traits@V?$basic_string@DU?$char_traits@D@std@@V?$allocator@D@2@@std@@PAVObj@@U?$less@V?$basic_string@DU?$char_traits@D@std@@V?$allocator@D@2@@std@@@2@V?$allocator@U?$pair@$$CBV?$basic_string@DU?$char_traits@D@std@@V?$allocator@D@2@@std@@PAVObj@@@std@@@2@$0A@@std@@@std@@QBE?AV?$_Tree_const_iterator@V?$_Tree_val@U?$_Tree_simple_types@U?$pair@$$CBV?$basic_string@DU?$char_traits@D@std@@V?$allocator@D@2@@std@@PAVObj@@@std@@@std@@@std@@@2@ABV?$basic_string@DU?$char_traits@D@std@@V?$allocator@D@2@@2@@Z 0040c620 f i read.obj
 0001:0000baf0       ?getMaterial@MaterialSceneObject@@UBEABVMaterial@@XZ 0040caf0 f i read.obj
 0001:0000bb00       ?getMsg@Exception@@QBE?AV?$basic_string@DU?$char_traits@D@std@@V?$allocator@D@2@@std@@XZ 0040cb00 f i read.obj
 0001:0000bb40       ?getPosition@PointLight@@UBE?AVvec3f@@ABV2@@Z 0040cb40 f i read.obj
 0001:0000bb60       ?getPosition@SpotLight@@UBE?AVvec3f@@ABV2@@Z 0040cb60 f i read.obj
 0001:0000bb80       ?hasBoundingBoxCapability@Box@@UBE_NXZ 0040cb80 f i read.obj
 0001:0000bb90       ?hasBoundingBoxCapability@Cone@@UBE_NXZ 0040cb90 f i read.obj
 0001:0000bba0       ?hasBoundingBoxCapability@Cylinder@@UBE_NXZ 0040cba0 f i read.obj
 0001:0000bbb0       ?hasBoundingBoxCapability@Sphere@@UBE_NXZ 0040cbb0 f i read.obj
 0001:0000bbc0       ?hasBoundingBoxCapability@Square@@UBE_NXZ 0040cbc0 f i read.obj
 0001:0000bc00       ?imbue@?$basic_filebuf@DU?$char_traits@D@std@@@std@@MAEXABVlocale@2@@Z 0040cc00 f i read.obj
 0001:0000bd00       ?open@?$basic_filebuf@DU?$char_traits@D@std@@@std@@QAEPAV12@PBDHH@Z 0040cd00 f i read.obj
 0001:0000bde0       ?overflow@?$basic_filebuf@DU?$char_traits@D@std@@@std@@MAEHH@Z 0040cde0 f i read.obj
 0001:0000bff0       ?overflow@strstreambuf@std@@MAEHH@Z 0040cff0 f i read.obj
 0001:0000c1a0       ?pbackfail@?$basic_filebuf@DU?$char_traits@D@std@@@std@@MAEHH@Z 0040d1a0 f i read.obj
 0001:0000c230       ?pbackfail@strstreambuf@std@@MAEHH@Z 0040d230 f i read.obj
 0001:0000fa80       ?readScene@@YAPAVScene@@AAV?$basic_istream@DU?$char_traits@D@std@@@std@@@Z 00410a80 f   read.obj
 0001:0000fd20       ?readScene@@YAPAVScene@@ABV?$basic_string@DU?$char_traits@D@std@@V?$allocator@D@2@@std@@@Z 00410d20 f   read.obj
 0001:0000fe50       ?rotate@mat4f@@SA?AV1@ABVvec3f@@N@Z 00410e50 f i read.obj
 0001:00010050       ?seekoff@?$basic_filebuf@DU?$char_traits@D@std@@@std@@MAE?AV?$fpos@U_Mbstatet@@@2@_JHH@Z 00411050 f i read.obj
 0001:00010150       ?seekoff@strstreambuf@std@@MAE?AV?$fpos@U_Mbstatet@@@2@_JHH@Z 00411150 f i read.obj
 0001:000102b0       ?seekpos@?$basic_filebuf@DU?$char_traits@D@std@@@std@@MAE?AV?$fpos@U_Mbstatet@@@2@V32@H@Z 004112b0 f i read.obj
 0001:00010390       ?seekpos@strstreambuf@std@@MAE?AV?$fpos@U_Mbstatet@@@2@V32@H@Z 00411390 f i read.obj
 0001:00010480       ?setMaterial@MaterialSceneObject@@UAEXPAVMaterial@@@Z 00411480 f i read.obj
 0001:00010490       ?setbuf@?$basic_filebuf@DU?$char_traits@D@std@@@std@@MAEPAV?$basic_streambuf@DU?$char_traits@D@std@@@2@PAD_J@Z 00411490 f i read.obj
 0001:000104e0       ?str@ostrstream@std@@QAEPADXZ 004114e0 f i read.obj
 0001:00010520       ?sync@?$basic_filebuf@DU?$char_traits@D@std@@@std@@MAEHXZ 00411520 f i read.obj
 0001:000105c0       ?uflow@?$basic_filebuf@DU?$char_traits@D@std@@@std@@MAEHXZ 004115c0 f i read.obj
 0001:000107c0       ?underflow@?$basic_filebuf@DU?$char_traits@D@std@@@std@@MAEHXZ 004117c0 f i read.obj
 0001:00010800       ?underflow@strstreambuf@std@@MAEHXZ 00411800 f i read.obj
 0001:000109d0       ?what@exception@std@@UBEPBDXZ 004119d0 f i read.obj
 0001:00010a80       ?inverse@mat3f@@QBE?AV1@XZ 00411a80 f   vecmath.obj
 0001:00010e80       ?inverse@mat4f@@QBE?AV1@XZ 00411e80 f   vecmath.obj
 0001:000112e0       ??0Camera@@QAE@XZ          004122e0 f   camera.obj
 0001:00011380       ?rayThrough@Camera@@QAEXNNAAVray@@@Z 00412380 f   camera.obj
 0001:000114a0       ?setAspectRatio@Camera@@QAEXN@Z 004124a0 f   camera.obj
 0001:00011640       ?setEye@Camera@@QAEXABVvec3f@@@Z 00412640 f   camera.obj
 0001:00011670       ?setFOV@Camera@@QAEXN@Z    00412670 f   camera.obj
 0001:00011830       ?setLook@Camera@@QAEXABVvec3f@@0@Z 00412830 f   camera.obj
 0001:00011a70       ?setLook@Camera@@QAEXNNNN@Z 00412a70 f   camera.obj
 0001:00011d10       ?update@Camera@@AAEXXZ     00412d10 f   camera.obj
 0001:00011ea0       ?distanceAttenuation@DirectionalLight@@UBENABVvec3f@@@Z 00412ea0 f   light.obj
 0001:00011eb0       ?distanceAttenuation@PointLight@@UBENABVvec3f@@@Z 00412eb0 f   light.obj
 0001:00011f40       ?distanceAttenuation@SpotLight@@UBENABVvec3f@@@Z 00412f40 f   light.obj
 0001:00011fd0       ?getColor@DirectionalLight@@UBE?AVvec3f@@ABV2@@Z 00412fd0 f   light.obj
 0001:00011ff0       ?getColor@PointLight@@UBE?AVvec3f@@ABV2@@Z 00412ff0 f   light.obj
 0001:00012010       ?getColor@SpotLight@@UBE?AVvec3f@@ABV2@@Z 00413010 f   light.obj
 0001:00012030       ?getDirection@DirectionalLight@@UBE?AVvec3f@@ABV2@@Z 00413030 f   light.obj
 0001:00012060       ?getDirection@PointLight@@UBE?AVvec3f@@ABV2@@Z 00413060 f   light.obj
 0001:000120f0       ?getDirection@SpotLight@@UBE?AVvec3f@@ABV2@@Z 004130f0 f   light.obj
 0001:00012180       ?shadowAttenuation@DirectionalLight@@UBE?AVvec3f@@ABV2@@Z 00413180 f   light.obj
 0001:000123a0       ?shadowAttenuation@PointLight@@UBE?AVvec3f@@ABV2@@Z 004133a0 f   light.obj
 0001:000125c0       ?shadowAttenuation@SpotLight@@UBE?AVvec3f@@ABV2@@Z 004135c0 f   light.obj
 0001:00012880       ?shade@Material@@UBE?AVvec3f@@PAVScene@@ABVray@@ABVisect@@@Z 00413880 f   material.obj
 0001:00012fd0       ?getMaterial@isect@@QBEABVMaterial@@XZ 00413fd0 f   ray.obj
 0001:00012fe0       ??0Material@@QAE@ABV0@@Z   00413fe0 f i scene.obj
 0001:000130e0       ??1Scene@@UAE@XZ           004140e0 f   scene.obj
 0001:000132c0       ??4BoundingBox@@QAEXABV0@@Z 004142c0 f   scene.obj
 0001:00013310       ??4Material@@QAEAAV0@ABV0@@Z 00414310 f i scene.obj
 0001:00013410       ??4isect@@QAEAAV0@ABV0@@Z  00414410 f i scene.obj
 0001:000134b0       ?hasBoundingBoxCapability@Geometry@@UBE_NXZ 004144b0 f   scene.obj
 0001:000134c0       ?initScene@Scene@@QAEXXZ   004144c0 f   scene.obj
 0001:00013690       ?intersect@BoundingBox@@QBE_NABVray@@AAN1@Z 00414690 f   scene.obj
 0001:000137a0       ?intersect@Geometry@@UBE_NABVray@@AAVisect@@@Z 004147a0 f   scene.obj
 0001:00013af0       ?intersect@Scene@@QBE_NABVray@@AAVisect@@@Z 00414af0 f   scene.obj
 0001:00013e80       ?intersectLocal@Geometry@@UBE_NABVray@@AAVisect@@@Z 00414e80 f   scene.obj
 0001:00013e90       ?intersects@BoundingBox@@QBE_NABV1@@Z 00414e90 f   scene.obj
 0001:00013f20       ?intersects@BoundingBox@@QBE_NABVvec3f@@@Z 00414f20 f   scene.obj
 0001:00013fa0       ?intersectLocal@Box@@UBE_NABVray@@AAVisect@@@Z 00414fa0 f   Box.obj
 0001:00014260       ?intersectBody@Cone@@QBE_NABVray@@AAVisect@@@Z 00415260 f   Cone.obj
 0001:000145b0       ?intersectCaps@Cone@@QBE_NABVray@@AAVisect@@@Z 004155b0 f   Cone.obj
 0001:00014750       ?intersectLocal@Cone@@UBE_NABVray@@AAVisect@@@Z 00415750 f   Cone.obj
 0001:00014820       ?intersectBody@Cylinder@@QBE_NABVray@@AAVisect@@@Z 00415820 f   Cylinder.obj
 0001:00014b00       ?intersectCaps@Cylinder@@QBE_NABVray@@AAVisect@@@Z 00415b00 f   Cylinder.obj
 0001:00014c60       ?intersectLocal@Cylinder@@UBE_NABVray@@AAVisect@@@Z 00415c60 f   Cylinder.obj
 0001:00014d30       ?intersectLocal@Sphere@@UBE_NABVray@@AAVisect@@@Z 00415d30 f   Sphere.obj
 0001:00014f20       ?intersectLocal@Square@@UBE_NABVray@@AAVisect@@@Z 00415f20 f   Square.obj
 0001:00014ff0       ??$_Uninitialized_default_fill_n1@PAVvec3f@@IV?$allocator@Vvec3f@@@std@@@std@@YAXPAVvec3f@@IAAU?$_Wrap_alloc@V?$allocator@Vvec3f@@@std@@@0@U?$integral_constant@_N$0A@@0@@Z 00415ff0 f i trimesh.obj
 0001:00015020       ??$_Uninitialized_move_al_unchecked1@PAVvec3f@@PAV1@V?$allocator@Vvec3f@@@std@@@std@@YAPAVvec3f@@PAV1@00AAU?$_Wrap_alloc@V?$allocator@Vvec3f@@@std@@@0@U_General_ptr_iterator_tag@0@U_Any_tag@0@@Z 00416020 f i trimesh.obj
 0001:00015060       ??1Trimesh@@UAE@XZ         00416060 f   trimesh.obj
 0001:000152c0       ??D@YA?AVMaterial@@NV0@@Z  004162c0 f i trimesh.obj
 0001:00015460       ??YMaterial@@QAEAAV0@ABV0@@Z 00416460 f i trimesh.obj
 0001:000155d0       ??_GTrimeshFace@@UAEPAXI@Z 004165d0 f i trimesh.obj
 0001:000155d0       ??_ETrimeshFace@@UAEPAXI@Z 004165d0 f i trimesh.obj
 0001:00015610       ?ComputeLocalBoundingBox@TrimeshFace@@UAE?AVBoundingBox@@XZ 00416610 f i trimesh.obj
 0001:00015730       ?_Reallocate@?$vector@PAVMaterial@@V?$allocator@PAVMaterial@@@std@@@std@@IAEXI@Z 00416730 f i trimesh.obj
 0001:00015790       ?_Reallocate@?$vector@PAVTrimeshFace@@V?$allocator@PAVTrimeshFace@@@std@@@std@@IAEXI@Z 00416790 f i trimesh.obj
 0001:000157f0       ?_Reallocate@?$vector@Vvec3f@@V?$allocator@Vvec3f@@@std@@@std@@IAEXI@Z 004167f0 f i trimesh.obj
 0001:000158d0       ?_Reserve@?$vector@PAVMaterial@@V?$allocator@PAVMaterial@@@std@@@std@@IAEXI@Z 004168d0 f i trimesh.obj
 0001:00015940       ?_Reserve@?$vector@PAVTrimeshFace@@V?$allocator@PAVTrimeshFace@@@std@@@std@@IAEXI@Z 00416940 f i trimesh.obj
 0001:000159b0       ?_Reserve@?$vector@Vvec3f@@V?$allocator@Vvec3f@@@std@@@std@@IAEXI@Z 004169b0 f i trimesh.obj
 0001:00015a50       ?_Tidy@?$vector@Vvec3f@@V?$allocator@Vvec3f@@@std@@@std@@IAEXXZ 00416a50 f i trimesh.obj
 0001:00015aa0       ?addFace@Trimesh@@QAE_NHHH@Z 00416aa0 f   trimesh.obj
 0001:00015bc0       ?addMaterial@Trimesh@@QAEXPAVMaterial@@@Z 00416bc0 f   trimesh.obj
 0001:00015be0       ?addNormal@Trimesh@@QAEXABVvec3f@@@Z 00416be0 f   trimesh.obj
 0001:00015bf0       ?addVertex@Trimesh@@QAEXABVvec3f@@@Z 00416bf0 f   trimesh.obj
 0001:00015c00       ?allocate@?$allocator@PAVMaterial@@@std@@QAEPAPAVMaterial@@I@Z 00416c00 f i trimesh.obj
 0001:00015c70       ?allocate@?$allocator@PAVTrimeshFace@@@std@@QAEPAPAVTrimeshFace@@I@Z 00416c70 f i trimesh.obj
 0001:00015ce0       ?allocate@?$allocator@Vvec3f@@@std@@QAEPAVvec3f@@I@Z 00416ce0 f i trimesh.obj
 0001:00015d50       ?doubleCheck@Trimesh@@QAEPADXZ 00416d50 f   trimesh.obj
 0001:00015df0       ?generateNormals@Trimesh@@QAEXXZ 00416df0 f   trimesh.obj
 0001:00016080       ?hasBoundingBoxCapability@TrimeshFace@@UBE_NXZ 00417080 f i trimesh.obj
 0001:00016090       ?intersectLocal@TrimeshFace@@UBE_NABVray@@AAVisect@@@Z 00417090 f   trimesh.obj
 0001:000167d0       ?push_back@?$vector@PAVMaterial@@V?$allocator@PAVMaterial@@@std@@@std@@QAEXABQAVMaterial@@@Z 004177d0 f i trimesh.obj
 0001:00016840       ?push_back@?$vector@PAVTrimeshFace@@V?$allocator@PAVTrimeshFace@@@std@@@std@@QAEXABQAVTrimeshFace@@@Z 00417840 f i trimesh.obj
 0001:000168b0       ?push_back@?$vector@Vvec3f@@V?$allocator@Vvec3f@@@std@@@std@@QAEXABVvec3f@@@Z 004178b0 f i trimesh.obj
 0001:00016960       ?resize@?$vector@Vvec3f@@V?$allocator@Vvec3f@@@std@@@std@@QAEXI@Z 00417960 f i trimesh.obj
 0001:00016a60       ?visual@Fl@@SAHH@Z         00417a60 f   fltk:Fl_visual.obj
 0001:00016ac0       ?option@Fl@@SA_NW4Fl_Option@1@@Z 00417ac0 f   fltk:Fl.obj
 0001:00016d50       ?option@Fl@@SAXW4Fl_Option@1@_N@Z 00417d50 f   fltk:Fl.obj
 0001:00016d90       ?version@Fl@@SANXZ         00417d90 f   fltk:Fl.obj
 0001:00016da0       ?scrollbar_size@Fl@@SAHXZ  00417da0 f   fltk:Fl.obj
 0001:00016db0       ?scrollbar_size@Fl@@SAXH@Z 00417db0 f   fltk:Fl.obj
 0001:00016dc0       ?wait@Fl@@SAHXZ            00417dc0 f   fltk:Fl.obj
 0001:00016e10       ?wait@Fl@@SANN@Z           00417e10 f   fltk:Fl.obj
 0001:00016e40       ?check@Fl@@SAHXZ           00417e40 f   fltk:Fl.obj
 0001:00016e80       ?ready@Fl@@SAHXZ           00417e80 f   fltk:Fl.obj
 0001:00016e90       ?run@Fl@@SAHXZ             00417e90 f   fltk:Fl.obj
 0001:00016ec0       ?add_timeout@Fl@@SAXNP6AXPAX@Z0@Z 00417ec0 f   fltk:Fl.obj
 0001:00016ef0       ?repeat_timeout@Fl@@SAXNP6AXPAX@Z0@Z 00417ef0 f   fltk:Fl.obj
 0001:000170a0       ?has_timeout@Fl@@SAHP6AXPAX@Z0@Z 004180a0 f   fltk:Fl.obj
 0001:00017100       ?remove_timeout@Fl@@SAXP6AXPAX@Z0@Z 00418100 f   fltk:Fl.obj
 0001:00017170       ?add_check@Fl@@SAXP6AXPAX@Z0@Z 00418170 f   fltk:Fl.obj
 0001:000171f0       ?has_check@Fl@@SAHP6AXPAX@Z0@Z 004181f0 f   fltk:Fl.obj
 0001:00017240       ?remove_check@Fl@@SAXP6AXPAX@Z0@Z 00418240 f   fltk:Fl.obj
 0001:000172c0       ?add_fd@Fl@@SAXHHP6AXHPAX@Z0@Z 004182c0 f   fltk:Fl.obj
 0001:00017590       ?add_fd@Fl@@SAXHP6AXHPAX@Z0@Z 00418590 f   fltk:Fl.obj
 0001:000175b0       ?remove_fd@Fl@@SAXHH@Z     004185b0 f   fltk:Fl.obj
 0001:000178b0       ?remove_fd@Fl@@SAXH@Z      004188b0 f   fltk:Fl.obj
 0001:000178d0       ?redraw@Fl@@SAXXZ          004188d0 f   fltk:Fl.obj
 0001:00017900       ?flush@Fl@@SAXXZ           00418900 f   fltk:Fl.obj
 0001:000179d0       ?first_window@Fl@@SAPAVFl_Window@@XZ 004189d0 f   fltk:Fl.obj
 0001:00017a00       ?first_window@Fl@@SAXPAVFl_Window@@@Z 00418a00 f   fltk:Fl.obj
 0001:00017a50       ?next_window@Fl@@SAPAVFl_Window@@PBV2@@Z 00418a50 f   fltk:Fl.obj
 0001:00017a90       ?get_mouse@Fl@@SAXAAH0@Z   00418a90 f   fltk:Fl.obj
 0001:00017ac0       ?event_inside@Fl@@SAHHHHH@Z 00418ac0 f   fltk:Fl.obj
 0001:00017b10       ?event_inside@Fl@@SAHPBVFl_Widget@@@Z 00418b10 f   fltk:Fl.obj
 0001:00017b90       ?enable_im@Fl@@SAXXZ       00418b90 f   fltk:Fl.obj
 0001:00017bd0       ?disable_im@Fl@@SAXXZ      00418bd0 f   fltk:Fl.obj
 0001:00017c10       ?handle@Fl@@SAHHPAVFl_Window@@@Z 00418c10 f   fltk:Fl.obj
 0001:00017c50       ?handle_@Fl@@SAHHPAVFl_Window@@@Z 00418c50 f   fltk:Fl.obj
 0001:00018330       ?belowmouse@Fl@@SAXPAVFl_Widget@@@Z 00419330 f   fltk:Fl.obj
 0001:000183d0       ?pushed@Fl@@SAXPAVFl_Widget@@@Z 004193d0 f   fltk:Fl.obj
 0001:000183e0       ?focus@Fl@@SAXPAVFl_Widget@@@Z 004193e0 f   fltk:Fl.obj
 0001:000184e0       ?add_handler@Fl@@SAXP6AHH@Z@Z 004194e0 f   fltk:Fl.obj
 0001:00018520       ?remove_handler@Fl@@SAXP6AHH@Z@Z 00419520 f   fltk:Fl.obj
 0001:000185a0       ?add_system_handler@Fl@@SAXP6AHPAX0@Z0@Z 004195a0 f   fltk:Fl.obj
 0001:000185f0       ?remove_system_handler@Fl@@SAXP6AHPAX0@Z@Z 004195f0 f   fltk:Fl.obj
 0001:00018670       ?event_dispatch@Fl@@SAXP6AHHPAVFl_Window@@@Z@Z 00419670 f   fltk:Fl.obj
 0001:00018680       ?event_dispatch@Fl@@SAP6AHHPAVFl_Window@@@ZXZ 00419680 f   fltk:Fl.obj
 0001:00018690       ?copy@Fl@@SAXPBDHH0@Z      00419690 f   fltk:Fl.obj
 0001:000187c0       ?copy@Fl@@SAXPBDHH@Z       004197c0 f   fltk:Fl.obj
 0001:000187e0       ?paste@Fl@@SAXAAVFl_Widget@@HPBD@Z 004197e0 f   fltk:Fl.obj
 0001:000194d0       ?paste@Fl@@SAXAAVFl_Widget@@H@Z 0041a4d0 f   fltk:Fl.obj
 0001:000194f0       ?add_clipboard_notify@Fl@@SAXP6AXHPAX@Z0@Z 0041a4f0 f   fltk:Fl.obj
 0001:00019550       ?remove_clipboard_notify@Fl@@SAXP6AXHPAX@Z@Z 0041a550 f   fltk:Fl.obj
 0001:000195c0       ?clipboard_contains@Fl@@SAHPBD@Z 0041a5c0 f   fltk:Fl.obj
 0001:00019670       ?selection_owner@Fl@@SAXPAVFl_Widget@@@Z 0041a670 f   fltk:Fl.obj
 0001:00019680       ?selection@Fl@@SAXAAVFl_Widget@@PBDH@Z 0041a680 f   fltk:Fl.obj
 0001:000196a0       ?paste@Fl@@SAXAAVFl_Widget@@@Z 0041a6a0 f   fltk:Fl.obj
 0001:000196c0       ?x@Fl@@SAHXZ               0041a6c0 f   fltk:Fl.obj
 0001:00019700       ?y@Fl@@SAHXZ               0041a700 f   fltk:Fl.obj
 0001:00019740       ?w@Fl@@SAHXZ               0041a740 f   fltk:Fl.obj
 0001:00019780       ?h@Fl@@SAHXZ               0041a780 f   fltk:Fl.obj
 0001:000197c0       ?thread_message@Fl@@SAPAXXZ 0041a7c0 f   fltk:Fl.obj
 0001:000197e0       ?delete_widget@Fl@@SAXPAVFl_Widget@@@Z 0041a7e0 f   fltk:Fl.obj
 0001:000198e0       ?do_widget_deletion@Fl@@SAXXZ 0041a8e0 f   fltk:Fl.obj
 0001:00019960       ?watch_widget_pointer@Fl@@SAXAAPAVFl_Widget@@@Z 0041a960 f   fltk:Fl.obj
 0001:00019a00       ?release_widget_pointer@Fl@@SAXAAPAVFl_Widget@@@Z 0041aa00 f   fltk:Fl.obj
 0001:00019a80       ?clear_widget_pointer@Fl@@SAXPBVFl_Widget@@@Z 0041aa80 f   fltk:Fl.obj
 0001:00019af0       ??0Fl_Widget_Tracker@@QAE@PAVFl_Widget@@@Z 0041aaf0 f   fltk:Fl.obj
 0001:00019b20       ??1Fl_Widget_Tracker@@QAE@XZ 0041ab20 f   fltk:Fl.obj
 0001:00019b70       ?redraw@Fl_Widget@@QAEXXZ  0041ab70 f   fltk:Fl.obj
 0001:00019b90       ?redraw_label@Fl_Widget@@QAEXXZ 0041ab90 f   fltk:Fl.obj
 0001:0001a190       ?damage@Fl_Widget@@QAEXE@Z 0041b190 f   fltk:Fl.obj
 0001:0001a250       ?damage@Fl_Widget@@QAEXEHHHH@Z 0041b250 f   fltk:Fl.obj
 0001:0001a440       ?size_range_@Fl_Window@@AAEXXZ 0041b440 f   fltk:Fl.obj
 0001:0001a460       ?fullscreen_x@Fl_Window@@AAEXXZ 0041b460 f   fltk:Fl.obj
 0001:0001a4d0       ?fullscreen_off_x@Fl_Window@@AAEXHHHH@Z 0041b4d0 f   fltk:Fl.obj
 0001:0001a6b0       ?flush@Fl_Window@@MAEXXZ   0041b6b0 f   fltk:Fl.obj
 0001:0001a720       ?handle@Fl_Window@@UAEHH@Z 0041b720 f   fltk:Fl.obj
 0001:0001a890       ?resize@Fl_Window@@UAEXHHHH@Z 0041b890 f   fltk:Fl.obj
 0001:0001ab70       ?label@Fl_Window@@QAEXPBD0@Z 0041bb70 f   fltk:Fl.obj
 0001:0001ac60       ?default_icons@Fl_Window@@SAXPAUHICON__@@0@Z 0041bc60 f   fltk:Fl.obj
 0001:0001ac80       ?icons@Fl_Window@@QAEXPAUHICON__@@0@Z 0041bc80 f   fltk:Fl.obj
 0001:0001ace0       ?show@Fl_Window@@UAEXXZ    0041bce0 f   fltk:Fl.obj
 0001:0001ada0       ?hide@Fl_Window@@UAEXXZ    0041bda0 f   fltk:Fl.obj
 0001:0001b200       ?make_current@Fl_Window@@QAEXXZ 0041c200 f   fltk:Fl.obj
 0001:0001b260       ?decorated_w@Fl_Window@@QAEHXZ 0041c260 f   fltk:Fl.obj
 0001:0001b330       ?decorated_h@Fl_Window@@QAEHXZ 0041c330 f   fltk:Fl.obj
 0001:0001b400       ?XRectangleRegion@@YAPAUHRGN__@@HHHH@Z 0041c400 f   fltk:Fl.obj
 0001:0001b4b0       ?fake_X_wm@Fl_X@@SAHPBVFl_Window@@AAH1111@Z 0041c4b0 f   fltk:Fl.obj
 0001:0001bbe0       ?make_fullscreen@Fl_X@@QAEXHHHH@Z 0041cbe0 f   fltk:Fl.obj
 0001:0001bd40       ?set_minmax@Fl_X@@QAEXPAUtagMINMAXINFO@@@Z 0041cd40 f   fltk:Fl.obj
 0001:0001be30       ?set_default_icons@Fl_X@@SAXQAPBVFl_RGB_Image@@H@Z 0041ce30 f   fltk:Fl.obj
 0001:0001bef0       ?set_default_icons@Fl_X@@SAXPAUHICON__@@0@Z 0041cef0 f   fltk:Fl.obj
 0001:0001bf60       ?set_icons@Fl_X@@QAEXXZ    0041cf60 f   fltk:Fl.obj
 0001:0001c100       ?set_cursor@Fl_X@@QAEHW4Fl_Cursor@@@Z 0041d100 f   fltk:Fl.obj
 0001:0001c290       ?set_cursor@Fl_X@@QAEHPBVFl_RGB_Image@@HH@Z 0041d290 f   fltk:Fl.obj
 0001:0001c310       ?make@Fl_X@@SAPAV1@PAVFl_Window@@@Z 0041d310 f   fltk:Fl.obj
 0001:0001cfb0       ?fl_release_dc@@YAXPAUHWND__@@PAUHDC__@@@Z 0041dfb0 f   fltk:Fl.obj
 0001:0001d050       ?fl_save_dc@@YAXPAUHWND__@@PAUHDC__@@@Z 0041e050 f   fltk:Fl.obj
 0001:0001d0c0       ?fl_open_display@@YAXXZ    0041e0c0 f   fltk:Fl.obj
 0001:0001d0f0       ?fl_find@@YAPAVFl_Window@@PAUHWND__@@@Z 0041e0f0 f   fltk:Fl.obj
 0001:0001d170       ?fl_GetDC@@YAPAUHDC__@@PAUHWND__@@@Z 0041e170 f   fltk:Fl.obj
 0001:0001d210       ?fl_free_fonts@@YAXXZ      0041e210 f   fltk:Fl.obj
 0001:0001d2d0       ?fl_cleanup_dc_list@@YAXXZ 0041e2d0 f   fltk:Fl.obj
 0001:0001d3a0       ?fl_clipboard_notify_change@@YAXXZ 0041e3a0 f   fltk:Fl.obj
 0001:0001d420       ?fl_clipboard_notify_empty@@YA_NXZ 0041e420 f   fltk:Fl.obj
 0001:0001d450       ?fl_trigger_clipboard_notify@@YAXH@Z 0041e450 f   fltk:Fl.obj
 0001:0001d490       ?fl_ready@@YAHXZ           0041e490 f   fltk:Fl.obj
 0001:0001d570       ?fl_wait@@YAHN@Z           0041e570 f   fltk:Fl.obj
 0001:0001d980       ?fl_send_system_handlers@@YAHPAX@Z 0041e980 f   fltk:Fl.obj
 0001:0001d9e0       ?fl_fix_focus@@YAXXZ       0041e9e0 f   fltk:Fl.obj
 0001:0001dbc0       ?fl_throw_focus@@YAXPAVFl_Widget@@@Z 0041ebc0 f   fltk:Fl.obj
 0001:0001dd90       ?fl_clipboard_notify_retarget@@YAXPAUHWND__@@@Z 0041ed90 f   fltk:Fl.obj
 0001:0001ddf0       ?fl_update_clipboard@@YAXXZ 0041edf0 f   fltk:Fl.obj
 0001:0001df00       ?fl_set_status@@YAXHHHH@Z  0041ef00 f   fltk:Fl.obj
 0001:0001df10       ?fl_set_spot@@YAXHHHHHHPAVFl_Window@@@Z 0041ef10 f   fltk:Fl.obj
 0001:0001e070       ?fl_reset_spot@@YAXXZ      0041f070 f   fltk:Fl.obj
 0001:0001e080       ?print_window@Fl_Paged_Device@@QAEXPAVFl_Window@@HH@Z 0041f080 f   fltk:Fl.obj
 0001:0001e6b0       ?fl_get_lcid_codepage@@YAIK@Z 0041f6b0 f   fltk:Fl.obj
 0001:0001e710       ?fl_get_codepage@@YAXXZ    0041f710 f   fltk:Fl.obj
 0001:0001fcd0       ?fl_filename_name@@YAPBDPBD@Z 00420cd0 f   fltk:Fl.obj
 0001:000202d0       ?fl_xid_@@YAPAUHWND__@@PBVFl_Window@@@Z 004212d0 f   fltk:Fl.obj
 0001:00020300       ??0Lf2CrlfConvert@@QAE@PBDH@Z 00421300 f i fltk:Fl.obj
 0001:000204c0       ??1Fl_Win32_At_Exit@@QAE@XZ 004214c0 f i fltk:Fl.obj
 0001:00020530       ??1Lf2CrlfConvert@@QAE@XZ  00421530 f i fltk:Fl.obj
 0001:00020560       ??1NameList@@QAE@XZ        00421560 f i fltk:Fl.obj
 0001:000205c0       ??_GFl_Device@@UAEPAXI@Z   004215c0 f i fltk:Fl.obj
 0001:000205c0       ??_EFl_Device@@UAEPAXI@Z   004215c0 f i fltk:Fl.obj
 0001:000205f0       ??_EFl_GDI_Graphics_Driver@@UAEPAXI@Z 004215f0 f i fltk:Fl.obj
 0001:000205f0       ??_GFl_GDI_Graphics_Driver@@UAEPAXI@Z 004215f0 f i fltk:Fl.obj
 0001:00020650       ??_EFl_Graphics_Driver@@UAEPAXI@Z 00421650 f i fltk:Fl.obj
 0001:00020650       ??_GFl_Graphics_Driver@@UAEPAXI@Z 00421650 f i fltk:Fl.obj
 0001:000206b0       ??_EFl_Image@@UAEPAXI@Z    004216b0 f i fltk:Fl.obj
 0001:000206b0       ??_GFl_Image@@UAEPAXI@Z    004216b0 f i fltk:Fl.obj
 0001:000206e0       ??_GFl_RGB_Image@@UAEPAXI@Z 004216e0 f i fltk:Fl.obj
 0001:000206e0       ??_EFl_RGB_Image@@UAEPAXI@Z 004216e0 f i fltk:Fl.obj
 0001:00020710       ??_GFl_Surface_Device@@UAEPAXI@Z 00421710 f i fltk:Fl.obj
 0001:00020710       ??_EFl_Surface_Device@@UAEPAXI@Z 00421710 f i fltk:Fl.obj
 0001:00020750       ?add_name@NameList@@QAEXPBD@Z 00421750 f i fltk:Fl.obj
 0001:000207d0       ?class_name@Fl_Device@@UAEPBDXZ 004217d0 f i fltk:Fl.obj
 0001:000207e0       ?class_name@Fl_GDI_Graphics_Driver@@UAEPBDXZ 004217e0 f i fltk:Fl.obj
 0001:000207f0       ?class_name@Fl_Graphics_Driver@@UAEPBDXZ 004217f0 f i fltk:Fl.obj
 0001:00020800       ?class_name@Fl_Surface_Device@@UAEPBDXZ 00421800 f i fltk:Fl.obj
 0001:00020810       ?color@Fl_Graphics_Driver@@MAEXEEE@Z 00421810 f i fltk:Fl.obj
 0001:00020820       ?color@Fl_Graphics_Driver@@MAEXI@Z 00421820 f i fltk:Fl.obj
 0001:00020840       ?descent@Fl_Graphics_Driver@@UAEHXZ 00421840 f i fltk:Fl.obj
 0001:00020850       ?draw@Fl_Graphics_Driver@@MAEXHPBDHHH@Z 00421850 f i fltk:Fl.obj
 0001:00020860       ?draw@Fl_Graphics_Driver@@MAEXPAVFl_Bitmap@@HHHHHH@Z 00421860 f i fltk:Fl.obj
 0001:00020870       ?draw@Fl_Graphics_Driver@@MAEXPAVFl_Pixmap@@HHHHHH@Z 00421870 f i fltk:Fl.obj
 0001:00020880       ?draw@Fl_Graphics_Driver@@MAEXPAVFl_RGB_Image@@HHHHHH@Z 00421880 f i fltk:Fl.obj
 0001:00020890       ?draw@Fl_Graphics_Driver@@MAEXPBDHHH@Z 00421890 f i fltk:Fl.obj
 0001:000208a0       ?draw_image@Fl_Graphics_Driver@@MAEXP6AXPAXHHHPAE@Z0HHHHH@Z 004218a0 f i fltk:Fl.obj
 0001:000208b0       ?draw_image@Fl_Graphics_Driver@@MAEXPBEHHHHHH@Z 004218b0 f i fltk:Fl.obj
 0001:000208c0       ?draw_image_mono@Fl_Graphics_Driver@@MAEXP6AXPAXHHHPAE@Z0HHHHH@Z 004218c0 f i fltk:Fl.obj
 0001:000208d0       ?draw_image_mono@Fl_Graphics_Driver@@MAEXPBEHHHHHH@Z 004218d0 f i fltk:Fl.obj
 0001:000208e0       ?font@Fl_Graphics_Driver@@UAEXHH@Z 004218e0 f i fltk:Fl.obj
 0001:00020900       ?height@Fl_Graphics_Driver@@UAEHXZ 00421900 f i fltk:Fl.obj
 0001:00020920       ?rtl_draw@Fl_Graphics_Driver@@MAEXPBDHHH@Z 00421920 f i fltk:Fl.obj
 0001:00020930       ?width@Fl_Graphics_Driver@@UAENI@Z 00421930 f i fltk:Fl.obj
 0001:00020960       ?width@Fl_Graphics_Driver@@UAENPBDH@Z 00421960 f i fltk:Fl.obj
 0001:00020970       ?fl_beep@@YAXH@Z           00421970 f   fltk:fl_ask.obj
 0001:000209e0       ?fl_message@@YAXPBDZZ      004219e0 f   fltk:fl_ask.obj
 0001:00020a40       ?fl_alert@@YAXPBDZZ        00421a40 f   fltk:fl_ask.obj
 0001:00020aa0       ?fl_ask@@YAHPBDZZ          00421aa0 f   fltk:fl_ask.obj
 0001:00020af0       ?fl_choice@@YAHPBD000ZZ    00421af0 f   fltk:fl_ask.obj
 0001:00020b40       ?fl_input@@YAPBDPBD0ZZ     00421b40 f   fltk:fl_ask.obj
 0001:00020b90       ?fl_password@@YAPBDPBD0ZZ  00421b90 f   fltk:fl_ask.obj
 0001:00020be0       ?fl_message_icon@@YAPAVFl_Widget@@XZ 00421be0 f   fltk:fl_ask.obj
 0001:00020bf0       ?fl_message_hotspot@@YAXH@Z 00421bf0 f   fltk:fl_ask.obj
 0001:00020c20       ?fl_message_hotspot@@YAHXZ 00421c20 f   fltk:fl_ask.obj
 0001:00020c30       ?fl_message_title@@YAXPBD@Z 00421c30 f   fltk:fl_ask.obj
 0001:00020c50       ?fl_message_title_default@@YAXPBD@Z 00421c50 f   fltk:fl_ask.obj
 0001:00021ad0       ??$__vcrt_va_start_verify_argument_type@PBD@@YAXXZ 00422ad0 f i fltk:fl_ask.obj
 0001:00021ae0       ?draw_empty@Fl_Image@@IAEXHH@Z 00422ae0 f   fltk:Fl_Image.obj
 0001:00021bf0       ?labeltype@Fl_Image@@KAXPBUFl_Label@@HHHHI@Z 00422bf0 f   fltk:Fl_Image.obj
 0001:00021cd0       ?measure@Fl_Image@@KAXPBUFl_Label@@AAH1@Z 00422cd0 f   fltk:Fl_Image.obj
 0001:00021d10       ??1Fl_Image@@UAE@XZ        00422d10 f   fltk:Fl_Image.obj
 0001:00021d30       ?copy@Fl_Image@@UAEPAV1@HH@Z 00422d30 f   fltk:Fl_Image.obj
 0001:00021dc0       ?color_average@Fl_Image@@UAEXIM@Z 00422dc0 f   fltk:Fl_Image.obj
 0001:00021dd0       ?desaturate@Fl_Image@@UAEXXZ 00422dd0 f   fltk:Fl_Image.obj
 0001:00021de0       ?label@Fl_Image@@UAEXPAVFl_Widget@@@Z 00422de0 f   fltk:Fl_Image.obj
 0001:00021e00       ?label@Fl_Image@@UAEXPAUFl_Menu_Item@@@Z 00422e00 f   fltk:Fl_Image.obj
 0001:00021e30       ?draw@Fl_Image@@UAEXHHHHHH@Z 00422e30 f   fltk:Fl_Image.obj
 0001:00021e50       ?uncache@Fl_Image@@UAEXXZ  00422e50 f   fltk:Fl_Image.obj
 0001:00021e60       ?RGB_scaling@Fl_Image@@SAXW4Fl_RGB_Scaling@@@Z 00422e60 f   fltk:Fl_Image.obj
 0001:00021e70       ?RGB_scaling@Fl_Image@@SA?AW4Fl_RGB_Scaling@@XZ 00422e70 f   fltk:Fl_Image.obj
 0001:00021e80       ??0Fl_RGB_Image@@QAE@PBVFl_Pixmap@@I@Z 00422e80 f   fltk:Fl_Image.obj
 0001:00021fc0       ??1Fl_RGB_Image@@UAE@XZ    00422fc0 f   fltk:Fl_Image.obj
 0001:00022030       ?copy@Fl_RGB_Image@@UAEPAVFl_Image@@HH@Z 00423030 f   fltk:Fl_Image.obj
 0001:00022e60       ?color_average@Fl_RGB_Image@@UAEXIM@Z 00423e60 f   fltk:Fl_Image.obj
[...]
 0003:00002e4c       ?s_wsock_select@@3P6GHHPAUfd_set@@00PBUtimeval@@@ZA 0048de4c     fltk:Fl.obj
 0003:00002e50       ?fl_wsk_fd_is_set@@3P6GHIPAUfd_set@@@ZA 0048de50     fltk:Fl.obj
 0003:00002e7c       ?s_imm_module@@3PAUHINSTANCE__@@A 0048de7c     fltk:Fl.obj
 0003:00002e80       ?flImmAssociateContextEx@@3P6GHPAUHWND__@@PAUHIMC__@@K@ZA 0048de80     fltk:Fl.obj
 0003:00002e85       ?dnd_flag@@3DA             0048de85     fltk:Fl.obj
 0003:00002e88       ?flImmGetContext@@3P6GPAUHIMC__@@PAUHWND__@@@ZA 0048de88     fltk:Fl.obj
 0003:00002e90       ?flImmSetCompositionWindow@@3P6GHPAUHIMC__@@PAUtagCOMPOSITIONFORM@@@ZA 0048de90     fltk:Fl.obj
 0003:00002e94       ?flImmReleaseContext@@3P6GHPAUHWND__@@PAUHIMC__@@@ZA 0048de94     fltk:Fl.obj
 0003:00002e98       ?sys_handlers@@3PAUsystem_handler_link@@A 0048de98     fltk:Fl.obj
 0003:00002e9c       ?track_mouse_win@@3PAVFl_Window@@A 0048de9c     fltk:Fl.obj
 0003:00002ea0       ?maxfd@@3HA                0048dea0     fltk:Fl.obj
 0003:00002ea4       ?nfds@@3HA                 0048dea4     fltk:Fl.obj
 0003:00002ea8       ?fd_array_size@@3HA        0048dea8     fltk:Fl.obj
 0003:00002ed4       ?fd@@3PAUFD@@A             0048ded4     fltk:Fl.obj
 0003:00002f34       ?default_big_icon@@3PAUHICON__@@A 0048df34     fltk:Fl.obj
 0003:00002f38       ?default_small_icon@@3PAUHICON__@@A 0048df38     fltk:Fl.obj
 0003:00002f3c       ?win_DC_list@@3PAUWin_DC_List@@A 0048df3c     fltk:Fl.obj
 0003:00002f48       ?num_dwidgets@@3HA         0048df48     fltk:Fl.obj
 0003:00002f4c       ?alloc_dwidgets@@3HA       0048df4c     fltk:Fl.obj
 0003:00002f50       ?dwidgets@@3PAPAVFl_Widget@@A 0048df50     fltk:Fl.obj
 0003:00002f54       ?widget_watch@@3PAPAPAVFl_Widget@@A 0048df54     fltk:Fl.obj
 0003:00002f58       ?num_widget_watch@@3HA     0048df58     fltk:Fl.obj
 0003:00002f5c       ?max_widget_watch@@3HA     0048df5c     fltk:Fl.obj
 0003:00002f68       ?win32_at_exit@@3VFl_Win32_At_Exit@@A 0048df68     fltk:Fl.obj
 0003:00002f6c       ?fl_gdi_display@@3VFl_Display_Device@@A 0048df6c     fltk:Fl.obj
 0003:00002f78       ?fl_gdi_driver@@3VFl_GDI_Graphics_Driver@@A 0048df78     fltk:Fl.obj
 0003:00003660       ?first_check@@3PAUCheck@@A 0048e660     fltk:Fl.obj
 0003:00003664       ?next_check@@3PAUCheck@@A  0048e664     fltk:Fl.obj
 0003:00003668       ?free_check@@3PAUCheck@@A  0048e668     fltk:Fl.obj
 0003:0000366c       ?thread_message_@@3PAXA    0048e66c     fltk:Fl.obj
 0003:00003670       ?fdsets@@3PAUfd_set@@A     0048e670     fltk:Fl.obj
 0003:0000397c       ?win32_timers@@3PAUWin32Timer@@A 0048e97c     fltk:Fl.obj
 0003:00003980       ?win32_timer_alloc@@3HA    0048e980     fltk:Fl.obj
 0003:00003984       ?win32_timer_used@@3HA     0048e984     fltk:Fl.obj
 0003:00003988       ?s_TimerWnd@@3PAUHWND__@@A 0048e988     fltk:Fl.obj
 0003:0000398c       ?resize_bug_fix@@3PAVFl_Window@@A 0048e98c     fltk:Fl.obj
 0003:00003990       ?in_idle@?1??fl_wait@@YAHN@Z@4DA 0048e990     fltk:Fl.obj
 0003:00003991       ?beenHereDoneThat@?1??fl_open_display@@YAXXZ@4DA 0048e991     fltk:Fl.obj
 0003:00003994       ?px@?1??mouse_event@@YAHPAVFl_Window@@HHIJ@Z@4HA 0048e994     fltk:Fl.obj
 0003:00003998       ?py@?1??mouse_event@@YAHPAVFl_Window@@HHIJ@Z@4HA 0048e998     fltk:Fl.obj
 0003:0000399c       ?pmx@?1??mouse_event@@YAHPAVFl_Window@@HHIJ@Z@4HA 0048e99c     fltk:Fl.obj
 0003:000039a0       ?pmy@?1??mouse_event@@YAHPAVFl_Window@@HHIJ@Z@4HA 0048e9a0     fltk:Fl.obj
 0003:000039a8       ?vklut@?1??ms2fltk@@YAHIH@Z@4PAGA 0048e9a8     fltk:Fl.obj
 0003:00003ba8       ?extendedlut@?1??ms2fltk@@YAHIH@Z@4PAGA 0048eba8     fltk:Fl.obj
 0003:00003da8       ?buffer@?DH@??WndProc@@YGJPAUHWND__@@IIJ@Z@4PADA 0048eda8     fltk:Fl.obj
 0003:000041a8       ?delta@?GG@??WndProc@@YGJPAUHWND__@@IIJ@Z@4HA 0048f1a8     fltk:Fl.obj
 0003:000041ac       ?delta@?GJ@??WndProc@@YGJPAUHWND__@@IIJ@Z@4HA 0048f1ac     fltk:Fl.obj
 0003:000041b0       ?class_name_list@?1??make@Fl_X@@SAPAV2@PAVFl_Window@@@Z@4VNameList@@A 0048f1b0     fltk:Fl.obj
 0003:000041bc       ?$TSS0@?1??make@Fl_X@@SAPAV2@PAVFl_Window@@@Z@4HA 0048f1bc     fltk:Fl.obj
 0003:000041c0       ?first_class_name@?1??make@Fl_X@@SAPAV2@PAVFl_Window@@@Z@4PBDB 0048f1c0     fltk:Fl.obj
 0003:000041c4       ?avoidRecursion@@3DA       0048f1c4     fltk:fl_ask.obj
 0003:000041cc       ?message_form@@3PAVFl_Window@@A 0048f1cc     fltk:fl_ask.obj
 0003:000041d0       ?message@@3PAVFl_Box@@A    0048f1d0     fltk:fl_ask.obj
 0003:000041d4       ?icon@@3PAVFl_Box@@A       0048f1d4     fltk:fl_ask.obj
 0003:000041d8       ?button@@3PAPAVFl_Button@@A 0048f1d8     fltk:fl_ask.obj
 0003:000041e4       ?input@@3PAVFl_Input@@A    0048f1e4     fltk:fl_ask.obj
 0003:000041e8       ?ret_val@@3HA              0048f1e8     fltk:fl_ask.obj
 0003:000041ec       ?message_title_default@@3PBDB 0048f1ec     fltk:fl_ask.obj
 0003:00004204       ?fc@@3PAVFl_File_Chooser@@A 0048f204     fltk:fl_file_dir.obj
 0003:00004208       ?current_callback@@3P6AXPBD@ZA 0048f208     fltk:fl_file_dir.obj
 0003:0000420c       ?current_label@@3PBDB      0048f20c     fltk:fl_file_dir.obj
 0003:00004210       ?retname@?1??fl_file_chooser@@YAPADPBD00H@Z@4PADA 0048f210     fltk:fl_file_dir.obj
 0003:00004a10       ?retname@?1??fl_dir_chooser@@YAPADPBD0H@Z@4PADA 0048fa10     fltk:fl_file_dir.obj
 0003:00005210       ?fl_gmi@@3P6GHPAUHMONITOR__@@PAUtagMONITORINFO@@@ZA 00490210     fltk:screen_xywh.obj
 0003:00005218       ?screens@@3PAUtagRECT@@A   00490218     fltk:screen_xywh.obj
 0003:00005318       ?work_area@@3PAUtagRECT@@A 00490318     fltk:screen_xywh.obj
 0003:00005418       ?dpi@@3PAY01MA             00490418     fltk:screen_xywh.obj
 0003:000054c8       ?main_thread@@3KA          004904c8     fltk:Fl_lock.obj
 0003:000054d0       ?measure@@3PAP6AXPBUFl_Label@@AAH1@ZA 004904d0     fltk:fl_labeltype.obj
 0003:00005510       ?obj_queue@@3PAPAVFl_Widget@@A 00490510     fltk:Fl_Widget.obj
 0003:00005560       ?obj_head@@3HA             00490560     fltk:Fl_Widget.obj
 0003:00005564       ?obj_tail@@3HA             00490564     fltk:Fl_Widget.obj
 0003:00005570       ?window@@3PAVFl_TooltipBox@@A 00490570     fltk:Fl_Tooltip.obj
 0003:00005578       ?tip@@3PBDB                00490578     fltk:Fl_Tooltip.obj
 0003:0000557c       ?Y@@3HA                    0049057c     fltk:Fl_Tooltip.obj
 0003:00005580       ?H@@3HA                    00490580     fltk:Fl_Tooltip.obj
 0003:00005584       ?recent_tooltip@@3DA       00490584     fltk:Fl_Tooltip.obj
 0003:00005585       ?recursion@@3DA            00490585     fltk:Fl_Tooltip.obj
 0003:00005586       ?beenhere@?1??set_enter_exit_once_@Fl_Tooltip@@CAXXZ@4DA 00490586     fltk:Fl_Tooltip.obj
 0003:00006190       ?tmppen@@3PAXA             00491190     fltk:fl_color.obj
 0003:00006194       ?savepen@@3PAUHPEN__@@A    00491194     fltk:fl_color.obj
 0003:00006198       ?xmap@?1??color@Fl_GDI_Graphics_Driver@@UAEXEEE@Z@4UFl_XMap@@A 00491198     fltk:fl_color.obj
 0003:000061a8       ?brushes@?1??fl_brush_action@@YAPAUHBRUSH__@@H@Z@4PAUFl_Brush@?1??1@YAPAU2@H@Z@A 004911a8     fltk:fl_color.obj
 0003:00006268       ?beenhere@?1??fl_select_palette@@YAPAUHPALETTE__@@XZ@4DA 00491268     fltk:fl_color.obj
 0003:0000626c       ?fl_alpha_blend@@3P6GHPAUHDC__@@HHHH0HHHHUFL_BLENDFUNCTION@@@ZA 0049126c     fltk:Fl_Double_Window.obj
 0003:00006270       ?been_here@?1??fl_can_do_alpha_blending@@YADXZ@4DA 00491270     fltk:Fl_Double_Window.obj
 0003:00006271       ?can_do@?1??fl_can_do_alpha_blending@@YADXZ@4DA 00491271     fltk:Fl_Double_Window.obj
 0003:00006324       ?hMod@?1??newUUID@Fl_Preferences@@SAPBDXZ@4PAUHINSTANCE__@@A 00491324     fltk:Fl_Preferences.obj
 0003:00006334       ?fl_angle_@@3HA            00491334     fltk:fl_font.obj
 0003:00006338       ?wstr@@3PAGA               00491338     fltk:fl_font.obj
 0003:0000633c       ?wstr_len@@3HA             0049133c     fltk:fl_font.obj
 0003:00006340       ?fl_GetGlyphIndices@@3P6GKPAUHDC__@@PB_WHPAGK@ZA 00491340     fltk:fl_font.obj
 0003:00006344       ?have_loaded_GetGlyphIndices@@3HA 00491344     fltk:fl_font.obj
 0003:00006348       ?ext_buff@?1??text_extents@Fl_GDI_Graphics_Driver@@UAEXPBDHAAH111@Z@4PAGA 00491348     fltk:fl_font.obj
 0003:0000634c       ?w_buff@?1??text_extents@Fl_GDI_Graphics_Driver@@UAEXPBDHAAH111@Z@4PAGA 0049134c     fltk:fl_font.obj
 0003:00006350       ?wc_len@?1??text_extents@Fl_GDI_Graphics_Driver@@UAEXPBDHAAH111@Z@4IA 00491350     fltk:fl_font.obj
 0003:00006360       ?hMod@?1??draw@Fl_GDI_Printer_Graphics_Driver@@UAEXPAVFl_Pixmap@@HHHHHH@Z@4PAUHINSTANCE__@@A 00491360     fltk:Fl_Pixmap.obj
 0003:00006364       ?fl_TransparentBlt@?1??draw@Fl_GDI_Printer_Graphics_Driver@@UAEXPAVFl_Pixmap@@HHHHHH@Z@4P6GHPAUHDC__@@HHHH1HHHHI@ZA 00491364     fltk:Fl_Pixmap.obj
 0003:00006368       ?fl_TransparentBlt@?1??draw@Fl_GDI_Printer_Graphics_Driver@@UAEXPAVFl_Bitmap@@HHHHHH@Z@4P6GHPAUHDC__@@HHHH1HHHHI@ZA 00491368     fltk:Fl_Bitmap.obj
 0003:0000636c       ?hMod@?1??draw@Fl_GDI_Printer_Graphics_Driver@@UAEXPAVFl_Bitmap@@HHHHHH@Z@4PAUHINSTANCE__@@A 0049136c     fltk:Fl_Bitmap.obj
 0003:00006370       ?ri@?1??dither@@YAXPAEPBEHH@Z@4HA 00491370     fltk:fl_draw_image.obj
 0003:00006374       ?gi@?1??dither@@YAXPAEPBEHH@Z@4HA 00491374     fltk:fl_draw_image.obj
 0003:00006378       ?bi@?1??dither@@YAXPAEPBEHH@Z@4HA 00491378     fltk:fl_draw_image.obj
 0003:0000637c       ?dir@?1??dither@@YAXPAEPBEHH@Z@4HA 0049137c     fltk:fl_draw_image.obj
 0003:00006380       ?ri@?1??monodither@@YAXPAEPBEHH@Z@4HA 00491380     fltk:fl_draw_image.obj
 0003:00006384       ?dir@?1??monodither@@YAXPAEPBEHH@Z@4HA 00491384     fltk:fl_draw_image.obj
 0003:00006388       ?bmibuffer@?1??innards@@YAXPBEHHHHHHHP6AXPAXHHHPAE@Z1@Z@4PAIA 00491388     fltk:fl_draw_image.obj
 0003:000067b8       ?buffer@?1??innards@@YAXPBEHHHHHHHP6AXPAXHHHPAE@Z1@Z@4PAIA 004917b8     fltk:fl_draw_image.obj
 0003:000067bc       ?buffer_size@?1??innards@@YAXPBEHHHHHHHP6AXPAXHHHPAE@Z1@Z@4JA 004917bc     fltk:fl_draw_image.obj
 0003:000067c0       ?line_buffer@?1??innards@@YAXPBEHHHHHHHP6AXPAXHHHPAE@Z1@Z@4PAIA 004917c0     fltk:fl_draw_image.obj
 0003:000067c4       ?line_buf_size@?CH@??innards@@YAXPBEHHHHHHHP6AXPAXHHHPAE@Z1@Z@4HA 004917c4     fltk:fl_draw_image.obj
 0003:000067d0       ?fl_bg_set@@3DA            004917d0     fltk:Fl_get_system_colors.obj
 0003:000067d1       ?fl_bg2_set@@3DA           004917d1     fltk:Fl_get_system_colors.obj
 0003:000067d2       ?fl_fg_set@@3DA            004917d2     fltk:Fl_get_system_colors.obj
 0003:000067e0       ?tile@@3VFl_Pixmap@@A      004917e0     fltk:Fl_get_system_colors.obj
 0003:00006808       ?e@?1??scheme@Fl@@SAHPBD@Z@4PADA 00491808     fltk:Fl_get_system_colors.obj
 0003:00006c40       ?mbwbuf@@3PA_WA            00491c40     fltk:fl_utf8.obj
 0003:00006c48       ?buf@@3PADA                00491c48     fltk:fl_utf8.obj
 0003:00006c4c       ?buf_len@@3HA              00491c4c     fltk:fl_utf8.obj
 0003:00006c50       ?wbufa@@3PAGA              00491c50     fltk:fl_utf8.obj
 0003:00006c54       ?wbuf@@3PA_WA              00491c54     fltk:fl_utf8.obj
 0003:00006c58       ?wbuf1@@3PA_WA             00491c58     fltk:fl_utf8.obj
 0003:00006c5c       ?table@?1??Toupper@@YAHH@Z@4PAGA 00491c5c     fltk:fl_utf8.obj
 0003:00006c60       ?buf@?1??fl_utf2mbcs@@9@4PADA 00491c60     fltk:fl_utf8.obj
 0003:00006c64       ?buf@?1??fl_getenv@@9@4PADA 00491c64     fltk:fl_utf8.obj
 0003:00006c68       ?wbuf@?1??fl_getcwd@@9@4PA_WA 00491c68     fltk:fl_utf8.obj
 0003:00006c6c       ?buf@?1??fl_shortcut_label@@YAPBDIPAPBD@Z@4PADA 00491c6c     fltk:fl_shortcut.obj
 0003:00006ca4       ?l_secret@@3HA             00491ca4     fltk:Fl_Input_.obj
 0003:00006ca8       ?undobuffer@@3PADA         00491ca8     fltk:Fl_Input_.obj
 0003:00006cac       ?undobufferlength@@3HA     00491cac     fltk:Fl_Input_.obj
 0003:00006cb0       ?undowidget@@3PAVFl_Input_@@A 00491cb0     fltk:Fl_Input_.obj
 0003:00006cb4       ?undoat@@3HA               00491cb4     fltk:Fl_Input_.obj
 0003:00006cb8       ?undocut@@3HA              00491cb8     fltk:Fl_Input_.obj
 0003:00006cbc       ?undoinsert@@3HA           00491cbc     fltk:Fl_Input_.obj
 0003:00006cc0       ?yankcut@@3HA              00491cc0     fltk:Fl_Input_.obj
 0003:00006cc4       ?legal_fp_chars@@3PBDB     00491cc4     fltk:Fl_Input.obj
 0003:00006cc8       ?dnd_save_position@?1??handle@Fl_Input@@UAEHH@Z@4HA 00491cc8     fltk:Fl_Input.obj
 0003:00006ccc       ?dnd_save_mark@?1??handle@Fl_Input@@UAEHH@Z@4HA 00491ccc     fltk:Fl_Input.obj
 0003:00006cd0       ?newpos@?1??handle@Fl_Input@@UAEHH@Z@4HA 00491cd0     fltk:Fl_Input.obj
 0003:00006cd4       ?dnd_save_focus@?1??handle@Fl_Input@@UAEHH@Z@4PAVFl_Widget@@A 00491cd4     fltk:Fl_Input.obj
 0003:00006cdc       ?underline_at@@3PADA       00491cdc     fltk:fl_draw.obj
 0003:00006ce0       ?local_buf@?1??expand_text_@@YAPBDPBDAAPADHNAAHAANHH@Z@4PADA 00491ce0     fltk:fl_draw.obj
 0003:00006ce4       ?$TSS0@?1??expand_text_@@YAPBDPBDAAPADHNAAHAANHH@Z@4HA 00491ce4     fltk:fl_draw.obj
 0003:00006cf0       ?ncolors@@3HA              00491cf0     fltk:fl_draw_pixmap.obj
 0003:00006cf4       ?chars_per_pixel@@3HA      00491cf4     fltk:fl_draw_pixmap.obj
 0003:00006cf8       ?color_count@@3HA          00491cf8     fltk:fl_draw_pixmap.obj
 0003:00006cfc       ?used_colors@@3PAUUsedColor@@A 00491cfc     fltk:fl_draw_pixmap.obj
 0003:00006d04       ?pressed_menu_button_@@3PAVFl_Menu_Button@@A 00491d04     fltk:Fl_Menu_Button.obj
 0003:00006d08       ?p@@3PAUmenustate@@A       00491d08     fltk:Fl_Menu.obj
 0003:00006d0c       ?button@@3PBVFl_Menu_@@B   00491d0c     fltk:Fl_Menu.obj
 0003:00006d10       ?dummy@?1??popup@Fl_Menu_Item@@QBEPBU2@HHPBDPBU2@PBVFl_Menu_@@@Z@4U2@A 00491d10     fltk:Fl_Menu.obj
 0003:00006d34       ?local_array@@3PAUFl_Menu_Item@@A 00491d34     fltk:Fl_Menu_add.obj
 0003:00006d38       ?local_array_alloc@@3HA    00491d38     fltk:Fl_Menu_add.obj
 0003:00006d3c       ?local_array_size@@3HA     00491d3c     fltk:Fl_Menu_add.obj
 0003:00006d40       ?offcenter@?9??handle@Fl_Slider@@IAEHHHHHH@Z@4HA 00491d40     fltk:Fl_Slider.obj
 0003:00006d44       ?image_new@@3VFl_Bitmap@@A 00491d44     fltk:Fl_File_Chooser.obj
 0003:00006d78       ?pathname@?1??value@Fl_File_Chooser@@QAEPBDH@Z@4PADA 00491d78     fltk:Fl_File_Chooser2.obj
 0003:00007578       ?table@?1??XUtf8Toupper@@9@9 00492578     fltk:case.obj
 0003:00007580       ?symbols@@3PAUSYMBOL@@A    00492580     fltk:fl_symbols.obj
 0003:00007f64       ?beenhere@?1??fl_init_symbols@@YAXXZ@4DA 00492f64     fltk:fl_symbols.obj
 0003:00007f68       ?cursor@?1??set_cursor@@YAXPAVFl_Tile@@W4Fl_Cursor@@@Z@4W43@A 00492f68     fltk:Fl_Tile.obj
 0003:00007f6c       ?sdrag@?1??handle@Fl_Tile@@UAEHH@Z@4HA 00492f6c     fltk:Fl_Tile.obj
 0003:00007f70       ?sdx@?1??handle@Fl_Tile@@UAEHH@Z@4HA 00492f70     fltk:Fl_Tile.obj
 0003:00007f74       ?sdy@?1??handle@Fl_Tile@@UAEHH@Z@4HA 00492f74     fltk:Fl_Tile.obj
 0003:00007f78       ?sx@?1??handle@Fl_Tile@@UAEHH@Z@4HA 00492f78     fltk:Fl_Tile.obj
 0003:00007f7c       ?sy@?1??handle@Fl_Tile@@UAEHH@Z@4HA 00492f7c     fltk:Fl_Tile.obj
 0003:00007f80       ?change@?1??handle@Fl_Browser_@@UAEHH@Z@4DA 00492f80     fltk:Fl_Browser_.obj
 0003:00007f81       ?whichway@?1??handle@Fl_Browser_@@UAEHH@Z@4DA 00492f81     fltk:Fl_Browser_.obj
 0003:00007f84       ?py@?1??handle@Fl_Browser_@@UAEHH@Z@4HA 00492f84     fltk:Fl_Browser_.obj
 0003:00007f88       ?inButtonBar@?1??handle@Fl_File_Input@@UAEHH@Z@4DA 00492f88     fltk:Fl_File_Input.obj
 0003:00007fa8       ?SWAP_TYPE@@3DA            00492fa8     fltkgl:Fl_Gl_Window.obj
 0003:00007fb0       ?ortho_context@?DG@??flush@Fl_Gl_Window@@UAEXXZ@4PAUHGLRC__@@A 00492fb0     fltkgl:Fl_Gl_Window.obj
 0003:00007fb4       ?ortho_window@?DG@??flush@Fl_Gl_Window@@UAEXXZ@4PAV2@A 00492fb4     fltkgl:Fl_Gl_Window.obj
 0003:00007fb8       ?context_list@@3PAPAUHGLRC__@@A 00492fb8     fltkgl:Fl_Gl_Choice.obj
 0003:00007fbc       ?nContext@@3HA             00492fbc     fltkgl:Fl_Gl_Choice.obj
 0003:00007fc0       ?NContext@@3HA             00492fc0     fltkgl:Fl_Gl_Choice.obj
 0003:00007fc4       ?first@@3PAVFl_Gl_Choice@@A 00492fc4     fltkgl:Fl_Gl_Choice.obj
 0003:00007fc8       ?cached_context@@3PAUHGLRC__@@A 00492fc8     fltkgl:Fl_Gl_Choice.obj
 0003:00007fcc       ?cached_window@@3PAVFl_Window@@A 00492fcc     fltkgl:Fl_Gl_Choice.obj
 0003:00007fd4       ?Gl_Device_Plugin@@3VFl_Gl_Device_Plugin@@A 00492fd4     fltkgl:Fl_Gl_Device_Plugin.obj
 0003:00007fdc       ?gl_fontsize@@3PAVFl_Font_Descriptor@@A 00492fdc     fltkgl:gl_draw.obj
 0003:00007fe0       ?buf@?1??gl_draw@@YAXPBDH@Z@4PA_WA 00492fe0     fltkgl:gl_draw.obj
 0003:00007fe4       ?l@?1??gl_draw@@YAXPBDH@Z@4HA 00492fe4     fltkgl:gl_draw.obj
 0003:00007fe8       _GS_ExceptionRecord        00492fe8     MSVCRT:gs_report.obj
 0003:00008038       _GS_ContextRecord          00493038     MSVCRT:gs_report.obj
 0003:0000830c       ?module_local_atexit_table@@3U_onexit_table_t@@A 0049330c     MSVCRT:utility.obj
 0003:00008318       ?module_local_at_quick_exit_table@@3U_onexit_table_t@@A 00493318     MSVCRT:utility.obj
 0003:00008324       ?is_initialized_as_dll@@3_NA 00493324     MSVCRT:utility.obj
 0003:00008328       ?_Tss_mutex@@3U_RTL_CRITICAL_SECTION@@A 00493328     MSVCRT:thread_safe_statics.obj
 0003:00008340       ?_Tss_cv@@3U_RTL_CONDITION_VARIABLE@@A 00493340     MSVCRT:thread_safe_statics.obj
 0003:00008344       ?_Tss_event@@3PAXA         00493344     MSVCRT:thread_safe_statics.obj
 0003:00008348       ?encoded_sleep_condition_variable_cs@@3P6GHPAU_RTL_CONDITION_VARIABLE@@PAU_RTL_CRITICAL_SECTION@@K@ZA 00493348     MSVCRT:thread_safe_statics.obj
 0003:0000834c       ?encoded_wake_all_condition_variable@@3P6GXPAU_RTL_CONDITION_VARIABLE@@@ZA 0049334c     MSVCRT:thread_safe_statics.obj
 0003:0000836c       ?_Fac_head@std@@3PAU_Fac_node@1@A 0049336c     msvcprt:locale0_implib.obj
 0003:00008370       ?_Fac_tidy_reg@std@@3U_Fac_tidy_reg_t@1@B 00493370     msvcprt:locale0_implib.obj
 0003:00008374       ?mbwbuf@?1??mbcs2utf@@9@9  00493374     fltk:fl_call_main.obj
 0004:00000000       __guard_fids__             00494000     MSVCRT:std_type_info_static.obj
 0004:00000004       __guard_fids__             00494004     MSVCRT:exe_winmain.obj
 0004:00000008       __guard_fids__             00494008     MSVCRT:exe_winmain.obj
 0004:0000000c       __guard_fids__             0049400c     MSVCRT:exe_winmain.obj
 0004:00000010       __guard_fids_?pre_c_initialization@@YAHXZ 00494010     MSVCRT:exe_winmain.obj
 0004:00000018       __guard_fids__             00494018     MSVCRT:thread_safe_statics.obj
 0004:0000001c       __guard_fids_?__scrt_initialize_thread_safe_statics@@YAHXZ 0049401c     MSVCRT:thread_safe_statics.obj
 0004:00000020       __guard_fids__             00494020     MSVCRT:throw_bad_alloc.obj
 0004:00000028       __guard_fids__             00494028     MSVCRT:throw_bad_alloc.obj
 0004:00000030       __guard_fids__             00494030     MSVCRT:throw_bad_alloc.obj
 0004:00000034       __guard_fids__             00494034     MSVCRT:throw_bad_alloc.obj
 0004:00000038       __guard_fids__             00494038     MSVCRT:throw_bad_alloc.obj
 0004:0000003c       __guard_fids__             0049403c     MSVCRT:throw_bad_alloc.obj
 0004:00000040       __guard_fids____scrt_set_unhandled_exception_filter 00494040     MSVCRT:utility_desktop.obj
 0004:00000044       __guard_fids___except_handler4 00494044     MSVCRT:_chandler4gs_.obj
 0004:00000048       __guard_fids__             00494048     MSVCRT:guard_support.obj
 0004:0000004c       __guard_fids___guard_icall_checks_enforced 0049404c     MSVCRT:guard_support.obj
 0004:00000050       __guard_fids_??__E_Fac_tidy_reg@std@@YAXXZ 00494050     msvcprt:locale0_implib.obj
 0004:00000054       __guard_fids__             00494054     msvcprt:locale0_implib.obj
 0006:00000060       $R000000                   00496060     * linker generated manifest res *
